Component: ARM Compiler 5.06 update 6 (build 750) Tool: armlink [4d35ed]

==============================================================================

Section Cross References

    main.o(i.Power_Start) refers to stm32f4xx_rcc.o(i.RCC_AHB1PeriphClockCmd) for RCC_AHB1PeriphClockCmd
    main.o(i.Power_Start) refers to stm32f4xx_gpio.o(i.GPIO_Init) for GPIO_Init
    main.o(i.Power_Start) refers to stm32f4xx_gpio.o(i.GPIO_SetBits) for GPIO_SetBits
    main.o(i.Power_Start) refers to stm32f4xx_rcc.o(i.RCC_APB2PeriphClockCmd) for RCC_APB2PeriphClockCmd
    main.o(i.Power_Start) refers to stm32f4xx_syscfg.o(i.SYSCFG_EXTILineConfig) for SYSCFG_EXTILineConfig
    main.o(i.Power_Start) refers to stm32f4xx_exti.o(i.EXTI_Init) for EXTI_Init
    main.o(i.Power_Start) refers to misc.o(i.NVIC_Init) for NVIC_Init
    main.o(i.main) refers to system_stm32f4xx.o(i.SystemInit) for SystemInit
    main.o(i.main) refers to misc.o(i.NVIC_PriorityGroupConfig) for NVIC_PriorityGroupConfig
    main.o(i.main) refers to com_delay.o(i.delay_init) for delay_init
    main.o(i.main) refers to com_debug.o(i.Com_Debug_Init) for Com_Debug_Init
    main.o(i.main) refers to main.o(i.Power_Start) for Power_Start
    main.o(i.main) refers to lv_obj.o(i.lv_init) for lv_init
    main.o(i.main) refers to lv_log.o(i.lv_log_register_print_cb) for lv_log_register_print_cb
    main.o(i.main) refers to lv_port_disp_template.o(i.lv_port_disp_init) for lv_port_disp_init
    main.o(i.main) refers to lv_port_indev_template.o(i.lv_port_indev_init) for lv_port_indev_init
    main.o(i.main) refers to app_task.o(i.App_task_init) for App_task_init
    main.o(i.main) refers to system_stm32f4xx.o(.data) for SystemCoreClock
    main.o(i.main) refers to main.o(i.my_log_cb) for my_log_cb
    main.o(i.my_log_cb) refers to printfa.o(i.__0printf) for __2printf
    app_task.o(i.App_SetPage) refers to app_task.o(.data) for .data
    app_task.o(i.App_task_init) refers to key.o(i.Key_Init) for Key_Init
    app_task.o(i.App_task_init) refers to gui_main.o(i.GUI_Init) for GUI_Init
    app_task.o(i.App_task_init) refers to app_autosleep.o(i.APP_AutoSleep_Init) for APP_AutoSleep_Init
    app_task.o(i.App_task_init) refers to backlight.o(i.Backlight_Init) for Backlight_Init
    app_task.o(i.App_task_init) refers to w25q16.o(i.W25Q16_Init) for W25Q16_Init
    app_task.o(i.App_task_init) refers to queue.o(i.xQueueGenericCreate) for xQueueGenericCreate
    app_task.o(i.App_task_init) refers to tasks.o(i.xTaskCreate) for xTaskCreate
    app_task.o(i.App_task_init) refers to tasks.o(i.vTaskStartScheduler) for vTaskStartScheduler
    app_task.o(i.App_task_init) refers to app_task.o(.data) for .data
    app_task.o(i.App_task_init) refers to app_task.o(i.start_task) for start_task
    app_task.o(i.AutoSleep_task) refers to tasks.o(i.xTaskGetTickCount) for xTaskGetTickCount
    app_task.o(i.AutoSleep_task) refers to tasks.o(i.xTaskDelayUntil) for xTaskDelayUntil
    app_task.o(i.AutoSleep_task) refers to app_autosleep.o(i.APP_AutoSleep_IsEnabled) for APP_AutoSleep_IsEnabled
    app_task.o(i.AutoSleep_task) refers to app_autosleep.o(i.APP_AutoSleep_IsSleeping) for APP_AutoSleep_IsSleeping
    app_task.o(i.AutoSleep_task) refers to app_autosleep.o(i.APP_AutoSleep_GetLastActivityTime) for APP_AutoSleep_GetLastActivityTime
    app_task.o(i.AutoSleep_task) refers to app_autosleep.o(i.APP_AutoSleep_EnterSleep) for APP_AutoSleep_EnterSleep
    app_task.o(i.Backlight_task) refers to queue.o(i.xQueueReceive) for xQueueReceive
    app_task.o(i.Backlight_task) refers to backlight.o(i.Backlight_SetBrightness) for Backlight_SetBrightness
    app_task.o(i.Backlight_task) refers to app_task.o(.data) for .data
    app_task.o(i.Gui_task) refers to tasks.o(i.xTaskGetTickCount) for xTaskGetTickCount
    app_task.o(i.Gui_task) refers to lv_timer.o(i.lv_timer_handler) for lv_timer_handler
    app_task.o(i.Gui_task) refers to gui_heartrate.o(i.HeartRate_Update) for HeartRate_Update
    app_task.o(i.Gui_task) refers to gui_temperature.o(i.Temperature_Update) for Temperature_Update
    app_task.o(i.Gui_task) refers to tasks.o(i.xTaskDelayUntil) for xTaskDelayUntil
    app_task.o(i.Handle_Key3_Measurement) refers to lv_log.o(i._lv_log_add) for _lv_log_add
    app_task.o(i.Handle_Key3_Measurement) refers to gui_heartrate.o(i.HeartRate_StopMeasurement) for HeartRate_StopMeasurement
    app_task.o(i.Handle_Key3_Measurement) refers to gui_heartrate.o(i.HeartRate_StartMeasurement) for HeartRate_StartMeasurement
    app_task.o(i.Handle_Key3_Measurement) refers to gui_temperature.o(i.Temperature_StopMeasurement) for Temperature_StopMeasurement
    app_task.o(i.Handle_Key3_Measurement) refers to gui_temperature.o(i.Temperature_StartMeasurement) for Temperature_StartMeasurement
    app_task.o(i.Handle_Key3_Measurement) refers to app_task.o(.data) for .data
    app_task.o(i.Handle_Key3_Measurement) refers to app_task.o(.constdata) for .constdata
[...]
    Removing stm32f4xx_cryp_aes.o(.revsh_text), (4 bytes).
    Removing stm32f4xx_cryp_aes.o(.rrx_text), (6 bytes).
    Removing stm32f4xx_cryp_aes.o(i.CRYP_AES_CBC), (434 bytes).
    Removing stm32f4xx_cryp_aes.o(i.CRYP_AES_CCM), (1420 bytes).
    Removing stm32f4xx_cryp_aes.o(i.CRYP_AES_CTR), (388 bytes).
    Removing stm32f4xx_cryp_aes.o(i.CRYP_AES_ECB), (400 bytes).
    Removing stm32f4xx_cryp_aes.o(i.CRYP_AES_GCM), (1078 bytes).
    Removing stm32f4xx_cryp_des.o(.rev16_text), (4 bytes).
    Removing stm32f4xx_cryp_des.o(.revsh_text), (4 bytes).
    Removing stm32f4xx_cryp_des.o(.rrx_text), (6 bytes).
    Removing stm32f4xx_cryp_des.o(i.CRYP_DES_CBC), (226 bytes).
    Removing stm32f4xx_cryp_des.o(i.CRYP_DES_ECB), (204 bytes).
    Removing stm32f4xx_cryp_tdes.o(.rev16_text), (4 bytes).
    Removing stm32f4xx_cryp_tdes.o(.revsh_text), (4 bytes).
    Removing stm32f4xx_cryp_tdes.o(.rrx_text), (6 bytes).
    Removing stm32f4xx_cryp_tdes.o(i.CRYP_TDES_CBC), (258 bytes).
    Removing stm32f4xx_cryp_tdes.o(i.CRYP_TDES_ECB), (234 bytes).
    Removing stm32f4xx_dac.o(.rev16_text), (4 bytes).
    Removing stm32f4xx_dac.o(.revsh_text), (4 bytes).
    Removing stm32f4xx_dac.o(.rrx_text), (6 bytes).
    Removing stm32f4xx_dac.o(i.DAC_ClearFlag), (12 bytes).
    Removing stm32f4xx_dac.o(i.DAC_ClearITPendingBit), (12 bytes).
    Removing stm32f4xx_dac.o(i.DAC_Cmd), (24 bytes).
    Removing stm32f4xx_dac.o(i.DAC_DMACmd), (24 bytes).
    Removing stm32f4xx_dac.o(i.DAC_DeInit), (24 bytes).
    Removing stm32f4xx_dac.o(i.DAC_DualSoftwareTriggerCmd), (28 bytes).
    Removing stm32f4xx_dac.o(i.DAC_GetDataOutputValue), (24 bytes).
    Removing stm32f4xx_dac.o(i.DAC_GetFlagStatus), (24 bytes).
    Removing stm32f4xx_dac.o(i.DAC_GetITStatus), (36 bytes).
    Removing stm32f4xx_dac.o(i.DAC_ITConfig), (24 bytes).
    Removing stm32f4xx_dac.o(i.DAC_Init), (40 bytes).
    Removing stm32f4xx_dac.o(i.DAC_SetChannel1Data), (20 bytes).
    Removing stm32f4xx_dac.o(i.DAC_SetChannel2Data), (20 bytes).
    Removing stm32f4xx_dac.o(i.DAC_SetDualChannelData), (28 bytes).
    Removing stm32f4xx_dac.o(i.DAC_SoftwareTriggerCmd), (28 bytes).
    Removing stm32f4xx_dac.o(i.DAC_StructInit), (12 bytes).
    Removing stm32f4xx_dac.o(i.DAC_WaveGenerationCmd), (24 bytes).
    Removing stm32f4xx_dbgmcu.o(.rev16_text), (4 bytes).
    Removing stm32f4xx_dbgmcu.o(.revsh_text), (4 bytes).
    Removing stm32f4xx_dbgmcu.o(.rrx_text), (6 bytes).
    Removing stm32f4xx_dbgmcu.o(i.DBGMCU_APB1PeriphConfig), (24 bytes).
    Removing stm32f4xx_dbgmcu.o(i.DBGMCU_APB2PeriphConfig), (24 bytes).
    Removing stm32f4xx_dbgmcu.o(i.DBGMCU_Config), (24 bytes).
    Removing stm32f4xx_dbgmcu.o(i.DBGMCU_GetDEVID), (16 bytes).
    Removing stm32f4xx_dbgmcu.o(i.DBGMCU_GetREVID), (12 bytes).
    Removing stm32f4xx_dcmi.o(.rev16_text), (4 bytes).
    Removing stm32f4xx_dcmi.o(.revsh_text), (4 bytes).
    Removing stm32f4xx_dcmi.o(.rrx_text), (6 bytes).
    Removing stm32f4xx_dcmi.o(i.DCMI_CROPCmd), (28 bytes).
    Removing stm32f4xx_dcmi.o(i.DCMI_CROPConfig), (24 bytes).
    Removing stm32f4xx_dcmi.o(i.DCMI_CaptureCmd), (28 bytes).
    Removing stm32f4xx_dcmi.o(i.DCMI_ClearFlag), (12 bytes).
    Removing stm32f4xx_dcmi.o(i.DCMI_ClearITPendingBit), (12 bytes).
    Removing stm32f4xx_dcmi.o(i.DCMI_Cmd), (28 bytes).
    Removing stm32f4xx_dcmi.o(i.DCMI_DeInit), (28 bytes).
    Removing stm32f4xx_dcmi.o(i.DCMI_GetFlagStatus), (36 bytes).
    Removing stm32f4xx_dcmi.o(i.DCMI_GetITStatus), (20 bytes).
    Removing stm32f4xx_dcmi.o(i.DCMI_ITConfig), (28 bytes).
    Removing stm32f4xx_dcmi.o(i.DCMI_Init), (60 bytes).
    Removing stm32f4xx_dcmi.o(i.DCMI_JPEGCmd), (28 bytes).
    Removing stm32f4xx_dcmi.o(i.DCMI_ReadData), (12 bytes).
    Removing stm32f4xx_dcmi.o(i.DCMI_SetEmbeddedSynchroCodes), (20 bytes).
    Removing stm32f4xx_dcmi.o(i.DCMI_StructInit), (18 bytes).
    Removing stm32f4xx_dfsdm.o(.rev16_text), (4 bytes).
    Removing stm32f4xx_dfsdm.o(.revsh_text), (4 bytes).
    Removing stm32f4xx_dfsdm.o(.rrx_text), (6 bytes).
    Removing stm32f4xx_dma.o(.rev16_text), (4 bytes).
    Removing stm32f4xx_dma.o(.revsh_text), (4 bytes).
    Removing stm32f4xx_dma.o(.rrx_text), (6 bytes).
    Removing stm32f4xx_dma.o(i.DMA_ClearFlag), (44 bytes).
    Removing stm32f4xx_dma.o(i.DMA_ClearITPendingBit), (44 bytes).
    Removing stm32f4xx_dma.o(i.DMA_Cmd), (20 bytes).
    Removing stm32f4xx_dma.o(i.DMA_DeInit), (292 bytes).
    Removing stm32f4xx_dma.o(i.DMA_DoubleBufferModeCmd), (20 bytes).
    Removing stm32f4xx_dma.o(i.DMA_DoubleBufferModeConfig), (22 bytes).
    Removing stm32f4xx_dma.o(i.DMA_FlowControllerConfig), (20 bytes).
    Removing stm32f4xx_dma.o(i.DMA_GetCmdStatus), (14 bytes).
    Removing stm32f4xx_dma.o(i.DMA_GetCurrDataCounter), (6 bytes).
    Removing stm32f4xx_dma.o(i.DMA_GetCurrentMemoryTarget), (14 bytes).
    Removing stm32f4xx_dma.o(i.DMA_GetFIFOStatus), (8 bytes).
    Removing stm32f4xx_dma.o(i.DMA_GetFlagStatus), (52 bytes).
    Removing stm32f4xx_dma.o(i.DMA_GetITStatus), (84 bytes).
    Removing stm32f4xx_dma.o(i.DMA_ITConfig), (44 bytes).
    Removing stm32f4xx_dma.o(i.DMA_Init), (84 bytes).
    Removing stm32f4xx_dma.o(i.DMA_MemoryTargetConfig), (10 bytes).
    Removing stm32f4xx_dma.o(i.DMA_PeriphIncOffsetSizeConfig), (20 bytes).
    Removing stm32f4xx_dma.o(i.DMA_SetCurrDataCounter), (4 bytes).
    Removing stm32f4xx_dma.o(i.DMA_StructInit), (34 bytes).
    Removing stm32f4xx_dma2d.o(.rev16_text), (4 bytes).
    Removing stm32f4xx_dma2d.o(.revsh_text), (4 bytes).
    Removing stm32f4xx_dma2d.o(.rrx_text), (6 bytes).
    Removing stm32f4xx_dma2d.o(i.DMA2D_AbortTransfer), (16 bytes).
    Removing stm32f4xx_dma2d.o(i.DMA2D_BGConfig), (108 bytes).
    Removing stm32f4xx_dma2d.o(i.DMA2D_BGStart), (28 bytes).
    Removing stm32f4xx_dma2d.o(i.DMA2D_BG_StructInit), (26 bytes).
    Removing stm32f4xx_dma2d.o(i.DMA2D_ClearFlag), (12 bytes).
    Removing stm32f4xx_dma2d.o(i.DMA2D_ClearITPendingBit), (12 bytes).
    Removing stm32f4xx_dma2d.o(i.DMA2D_DeInit), (24 bytes).
    Removing stm32f4xx_dma2d.o(i.DMA2D_DeadTimeConfig), (44 bytes).
    Removing stm32f4xx_dma2d.o(i.DMA2D_FGConfig), (108 bytes).
    Removing stm32f4xx_dma2d.o(i.DMA2D_FGStart), (28 bytes).
    Removing stm32f4xx_dma2d.o(i.DMA2D_FG_StructInit), (26 bytes).
    Removing stm32f4xx_dma2d.o(i.DMA2D_GetFlagStatus), (20 bytes).
    Removing stm32f4xx_dma2d.o(i.DMA2D_GetITStatus), (36 bytes).
    Removing stm32f4xx_dma2d.o(i.DMA2D_ITConfig), (24 bytes).
    Removing stm32f4xx_dma2d.o(i.DMA2D_Init), (176 bytes).
    Removing stm32f4xx_dma2d.o(i.DMA2D_LineWatermarkConfig), (12 bytes).
    Removing stm32f4xx_dma2d.o(i.DMA2D_StartTransfer), (16 bytes).
    Removing stm32f4xx_dma2d.o(i.DMA2D_StructInit), (24 bytes).
    Removing stm32f4xx_dma2d.o(i.DMA2D_Suspend), (28 bytes).
    Removing stm32f4xx_dsi.o(.rev16_text), (4 bytes).
    Removing stm32f4xx_dsi.o(.revsh_text), (4 bytes).
    Removing stm32f4xx_dsi.o(.rrx_text), (6 bytes).
    Removing stm32f4xx_exti.o(.rev16_text), (4 bytes).
    Removing stm32f4xx_exti.o(.revsh_text), (4 bytes).
    Removing stm32f4xx_exti.o(.rrx_text), (6 bytes).
    Removing stm32f4xx_exti.o(i.EXTI_ClearFlag), (12 bytes).
    Removing stm32f4xx_exti.o(i.EXTI_DeInit), (36 bytes).
    Removing stm32f4xx_exti.o(i.EXTI_GenerateSWInterrupt), (16 bytes).
    Removing stm32f4xx_exti.o(i.EXTI_GetFlagStatus), (20 bytes).
    Removing stm32f4xx_exti.o(i.EXTI_StructInit), (14 bytes).
    Removing stm32f4xx_flash.o(.rev16_text), (4 bytes).
    Removing stm32f4xx_flash.o(.revsh_text), (4 bytes).
    Removing stm32f4xx_flash.o(.rrx_text), (6 bytes).
    Removing stm32f4xx_flash.o(i.FLASH_ClearFlag), (12 bytes).
    Removing stm32f4xx_flash.o(i.FLASH_DataCacheCmd), (28 bytes).
    Removing stm32f4xx_flash.o(i.FLASH_DataCacheReset), (16 bytes).
    Removing stm32f4xx_flash.o(i.FLASH_EraseAllBank1Sectors), (92 bytes).
    Removing stm32f4xx_flash.o(i.FLASH_EraseAllBank2Sectors), (92 bytes).
    Removing stm32f4xx_flash.o(i.FLASH_EraseAllSectors), (92 bytes).
    Removing stm32f4xx_flash.o(i.FLASH_EraseSector), (108 bytes).
    Removing stm32f4xx_flash.o(i.FLASH_GetFlagStatus), (20 bytes).
    Removing stm32f4xx_flash.o(i.FLASH_GetStatus), (60 bytes).
    Removing stm32f4xx_flash.o(i.FLASH_ITConfig), (24 bytes).
    Removing stm32f4xx_flash.o(i.FLASH_InstructionCacheCmd), (28 bytes).
    Removing stm32f4xx_flash.o(i.FLASH_InstructionCacheReset), (16 bytes).
    Removing stm32f4xx_flash.o(i.FLASH_Lock), (16 bytes).
    Removing stm32f4xx_flash.o(i.FLASH_OB_BORConfig), (24 bytes).
    Removing stm32f4xx_flash.o(i.FLASH_OB_BootConfig), (24 bytes).
    Removing stm32f4xx_flash.o(i.FLASH_OB_GetBOR), (16 bytes).
    Removing stm32f4xx_flash.o(i.FLASH_OB_GetPCROP), (12 bytes).
    Removing stm32f4xx_flash.o(i.FLASH_OB_GetPCROP1), (12 bytes).
    Removing stm32f4xx_flash.o(i.FLASH_OB_GetRDP), (20 bytes).
    Removing stm32f4xx_flash.o(i.FLASH_OB_GetUser), (16 bytes).
    Removing stm32f4xx_flash.o(i.FLASH_OB_GetWRP), (12 bytes).
    Removing stm32f4xx_flash.o(i.FLASH_OB_GetWRP1), (12 bytes).
    Removing stm32f4xx_flash.o(i.FLASH_OB_Launch), (20 bytes).
    Removing stm32f4xx_flash.o(i.FLASH_OB_Lock), (16 bytes).
    Removing stm32f4xx_flash.o(i.FLASH_OB_PCROP1Config), (36 bytes).
    Removing stm32f4xx_flash.o(i.FLASH_OB_PCROPConfig), (36 bytes).
    Removing stm32f4xx_flash.o(i.FLASH_OB_PCROPSelectionConfig), (20 bytes).
    Removing stm32f4xx_flash.o(i.FLASH_OB_RDPConfig), (24 bytes).
    Removing stm32f4xx_flash.o(i.FLASH_OB_Unlock), (36 bytes).
    Removing stm32f4xx_flash.o(i.FLASH_OB_UserConfig), (40 bytes).
    Removing stm32f4xx_flash.o(i.FLASH_OB_WRP1Config), (36 bytes).
    Removing stm32f4xx_flash.o(i.FLASH_OB_WRPConfig), (36 bytes).
    Removing stm32f4xx_flash.o(i.FLASH_PrefetchBufferCmd), (28 bytes).
    Removing stm32f4xx_flash.o(i.FLASH_ProgramByte), (56 bytes).
    Removing stm32f4xx_flash.o(i.FLASH_ProgramDoubleWord), (64 bytes).
    Removing stm32f4xx_flash.o(i.FLASH_ProgramHalfWord), (60 bytes).
    Removing stm32f4xx_flash.o(i.FLASH_ProgramWord), (60 bytes).
    Removing stm32f4xx_flash.o(i.FLASH_SetLatency), (12 bytes).
    Removing stm32f4xx_flash.o(i.FLASH_Unlock), (36 bytes).
    Removing stm32f4xx_flash.o(i.FLASH_WaitForLastOperation), (30 bytes).
    Removing stm32f4xx_flash_ramfunc.o(.rev16_text), (4 bytes).
    Removing stm32f4xx_flash_ramfunc.o(.revsh_text), (4 bytes).
    Removing stm32f4xx_flash_ramfunc.o(.rrx_text), (6 bytes).
    Removing stm32f4xx_flash_ramfunc.o(i.FLASH_FlashInterfaceCmd), (28 bytes).
    Removing stm32f4xx_flash_ramfunc.o(i.FLASH_FlashSleepModeCmd), (28 bytes).
    Removing stm32f4xx_fmpi2c.o(.rev16_text), (4 bytes).
    Removing stm32f4xx_fmpi2c.o(.revsh_text), (4 bytes).
    Removing stm32f4xx_fmpi2c.o(.rrx_text), (6 bytes).
    Removing stm32f4xx_gpio.o(.rev16_text), (4 bytes).
    Removing stm32f4xx_gpio.o(.revsh_text), (4 bytes).
    Removing stm32f4xx_gpio.o(.rrx_text), (6 bytes).
    Removing stm32f4xx_gpio.o(i.GPIO_DeInit), (260 bytes).
    Removing stm32f4xx_gpio.o(i.GPIO_PinLockConfig), (24 bytes).
    Removing stm32f4xx_gpio.o(i.GPIO_ReadInputData), (6 bytes).
    Removing stm32f4xx_gpio.o(i.GPIO_ReadOutputData), (6 bytes).
    Removing stm32f4xx_gpio.o(i.GPIO_ReadOutputDataBit), (14 bytes).
    Removing stm32f4xx_gpio.o(i.GPIO_StructInit), (18 bytes).
    Removing stm32f4xx_gpio.o(i.GPIO_ToggleBits), (8 bytes).
    Removing stm32f4xx_gpio.o(i.GPIO_Write), (4 bytes).
    Removing stm32f4xx_hash.o(.rev16_text), (4 bytes).
    Removing stm32f4xx_hash.o(.revsh_text), (4 bytes).
    Removing stm32f4xx_hash.o(.rrx_text), (6 bytes).
    Removing stm32f4xx_hash.o(i.HASH_AutoStartDigest), (28 bytes).
    Removing stm32f4xx_hash.o(i.HASH_ClearFlag), (12 bytes).
    Removing stm32f4xx_hash.o(i.HASH_ClearITPendingBit), (12 bytes).
    Removing stm32f4xx_hash.o(i.HASH_DMACmd), (28 bytes).
    Removing stm32f4xx_hash.o(i.HASH_DataIn), (12 bytes).
    Removing stm32f4xx_hash.o(i.HASH_DeInit), (22 bytes).
    Removing stm32f4xx_hash.o(i.HASH_GetDigest), (72 bytes).
    Removing stm32f4xx_hash.o(i.HASH_GetFlagStatus), (32 bytes).
    Removing stm32f4xx_hash.o(i.HASH_GetITStatus), (28 bytes).
    Removing stm32f4xx_hash.o(i.HASH_GetInFIFOWordsNbr), (16 bytes).
    Removing stm32f4xx_hash.o(i.HASH_ITConfig), (24 bytes).
    Removing stm32f4xx_hash.o(i.HASH_Init), (68 bytes).
    Removing stm32f4xx_hash.o(i.HASH_Reset), (16 bytes).
    Removing stm32f4xx_hash.o(i.HASH_RestoreContext), (68 bytes).
    Removing stm32f4xx_hash.o(i.HASH_SaveContext), (60 bytes).
    Removing stm32f4xx_hash.o(i.HASH_SetLastWordValidBitsNbr), (24 bytes).
    Removing stm32f4xx_hash.o(i.HASH_StartDigest), (16 bytes).
    Removing stm32f4xx_hash.o(i.HASH_StructInit), (12 bytes).
    Removing stm32f4xx_hash_md5.o(.rev16_text), (4 bytes).
    Removing stm32f4xx_hash_md5.o(.revsh_text), (4 bytes).
    Removing stm32f4xx_hash_md5.o(.rrx_text), (6 bytes).
    Removing stm32f4xx_hash_md5.o(i.HASH_MD5), (158 bytes).
    Removing stm32f4xx_hash_md5.o(i.HMAC_MD5), (320 bytes).
    Removing stm32f4xx_hash_sha1.o(.rev16_text), (4 bytes).
    Removing stm32f4xx_hash_sha1.o(.revsh_text), (4 bytes).
    Removing stm32f4xx_hash_sha1.o(.rrx_text), (6 bytes).
    Removing stm32f4xx_hash_sha1.o(i.HASH_SHA1), (164 bytes).
    Removing stm32f4xx_hash_sha1.o(i.HMAC_SHA1), (324 bytes).
    Removing stm32f4xx_i2c.o(.rev16_text), (4 bytes).
    Removing stm32f4xx_i2c.o(.revsh_text), (4 bytes).
    Removing stm32f4xx_i2c.o(.rrx_text), (6 bytes).
    Removing stm32f4xx_i2c.o(i.I2C_ARPCmd), (20 bytes).
    Removing stm32f4xx_i2c.o(i.I2C_AcknowledgeConfig), (20 bytes).
    Removing stm32f4xx_i2c.o(i.I2C_AnalogFilterCmd), (20 bytes).
    Removing stm32f4xx_i2c.o(i.I2C_CalculatePEC), (20 bytes).
    Removing stm32f4xx_i2c.o(i.I2C_CheckEvent), (36 bytes).
    Removing stm32f4xx_i2c.o(i.I2C_ClearFlag), (6 bytes).
    Removing stm32f4xx_i2c.o(i.I2C_ClearITPendingBit), (6 bytes).
    Removing stm32f4xx_i2c.o(i.I2C_Cmd), (20 bytes).
    Removing stm32f4xx_i2c.o(i.I2C_DMACmd), (20 bytes).
    Removing stm32f4xx_i2c.o(i.I2C_DMALastTransferCmd), (20 bytes).
    Removing stm32f4xx_i2c.o(i.I2C_DeInit), (68 bytes).
    Removing stm32f4xx_i2c.o(i.I2C_DigitalFilterConfig), (16 bytes).
    Removing stm32f4xx_i2c.o(i.I2C_DualAddressCmd), (20 bytes).
    Removing stm32f4xx_i2c.o(i.I2C_FastModeDutyCycleConfig), (22 bytes).
    Removing stm32f4xx_i2c.o(i.I2C_GeneralCallCmd), (20 bytes).
    Removing stm32f4xx_i2c.o(i.I2C_GenerateSTART), (20 bytes).
    Removing stm32f4xx_i2c.o(i.I2C_GenerateSTOP), (20 bytes).
    Removing stm32f4xx_i2c.o(i.I2C_GetFlagStatus), (42 bytes).
    Removing stm32f4xx_i2c.o(i.I2C_GetITStatus), (36 bytes).
    Removing stm32f4xx_i2c.o(i.I2C_GetLastEvent), (14 bytes).
    Removing stm32f4xx_i2c.o(i.I2C_GetPEC), (6 bytes).
    Removing stm32f4xx_i2c.o(i.I2C_ITConfig), (16 bytes).
    Removing stm32f4xx_i2c.o(i.I2C_Init), (184 bytes).
    Removing stm32f4xx_i2c.o(i.I2C_NACKPositionConfig), (22 bytes).
    Removing stm32f4xx_i2c.o(i.I2C_OwnAddress2Config), (16 bytes).
    Removing stm32f4xx_i2c.o(i.I2C_PECPositionConfig), (22 bytes).
    Removing stm32f4xx_i2c.o(i.I2C_ReadRegister), (10 bytes).
    Removing stm32f4xx_i2c.o(i.I2C_ReceiveData), (6 bytes).
    Removing stm32f4xx_i2c.o(i.I2C_SMBusAlertConfig), (22 bytes).
    Removing stm32f4xx_i2c.o(i.I2C_Send7bitAddress), (16 bytes).
    Removing stm32f4xx_i2c.o(i.I2C_SendData), (4 bytes).
    Removing stm32f4xx_i2c.o(i.I2C_SoftwareResetCmd), (20 bytes).
    Removing stm32f4xx_i2c.o(i.I2C_StretchClockCmd), (20 bytes).
    Removing stm32f4xx_i2c.o(i.I2C_StructInit), (28 bytes).
    Removing stm32f4xx_i2c.o(i.I2C_TransmitPEC), (20 bytes).
    Removing stm32f4xx_iwdg.o(.rev16_text), (4 bytes).
    Removing stm32f4xx_iwdg.o(.revsh_text), (4 bytes).
    Removing stm32f4xx_iwdg.o(.rrx_text), (6 bytes).
    Removing stm32f4xx_iwdg.o(i.IWDG_Enable), (16 bytes).
    Removing stm32f4xx_iwdg.o(i.IWDG_GetFlagStatus), (20 bytes).
    Removing stm32f4xx_iwdg.o(i.IWDG_ReloadCounter), (16 bytes).
    Removing stm32f4xx_iwdg.o(i.IWDG_SetPrescaler), (12 bytes).
    Removing stm32f4xx_iwdg.o(i.IWDG_SetReload), (12 bytes).
    Removing stm32f4xx_iwdg.o(i.IWDG_WriteAccessCmd), (12 bytes).
    Removing stm32f4xx_lptim.o(.rev16_text), (4 bytes).
    Removing stm32f4xx_lptim.o(.revsh_text), (4 bytes).
    Removing stm32f4xx_lptim.o(.rrx_text), (6 bytes).
    Removing stm32f4xx_ltdc.o(.rev16_text), (4 bytes).
    Removing stm32f4xx_ltdc.o(.revsh_text), (4 bytes).
    Removing stm32f4xx_ltdc.o(.rrx_text), (6 bytes).
    Removing stm32f4xx_ltdc.o(i.LTDC_CLUTCmd), (32 bytes).
    Removing stm32f4xx_ltdc.o(i.LTDC_CLUTInit), (26 bytes).
    Removing stm32f4xx_ltdc.o(i.LTDC_CLUTStructInit), (12 bytes).
    Removing stm32f4xx_ltdc.o(i.LTDC_ClearFlag), (12 bytes).
    Removing stm32f4xx_ltdc.o(i.LTDC_ClearITPendingBit), (12 bytes).
    Removing stm32f4xx_ltdc.o(i.LTDC_Cmd), (28 bytes).
    Removing stm32f4xx_ltdc.o(i.LTDC_ColorKeyingConfig), (64 bytes).
    Removing stm32f4xx_ltdc.o(i.LTDC_ColorKeyingStructInit), (10 bytes).
    Removing stm32f4xx_ltdc.o(i.LTDC_DeInit), (24 bytes).
    Removing stm32f4xx_ltdc.o(i.LTDC_DitherCmd), (28 bytes).
    Removing stm32f4xx_ltdc.o(i.LTDC_GetCDStatus), (20 bytes).
    Removing stm32f4xx_ltdc.o(i.LTDC_GetFlagStatus), (20 bytes).
    Removing stm32f4xx_ltdc.o(i.LTDC_GetITStatus), (36 bytes).
    Removing stm32f4xx_ltdc.o(i.LTDC_GetPosStatus), (28 bytes).
    Removing stm32f4xx_ltdc.o(i.LTDC_GetRGBWidth), (44 bytes).
    Removing stm32f4xx_ltdc.o(i.LTDC_ITConfig), (24 bytes).
    Removing stm32f4xx_ltdc.o(i.LTDC_Init), (168 bytes).
    Removing stm32f4xx_ltdc.o(i.LTDC_LIPConfig), (12 bytes).
    Removing stm32f4xx_ltdc.o(i.LTDC_LayerAddress), (4 bytes).
    Removing stm32f4xx_ltdc.o(i.LTDC_LayerAlpha), (4 bytes).
    Removing stm32f4xx_ltdc.o(i.LTDC_LayerCmd), (20 bytes).
    Removing stm32f4xx_ltdc.o(i.LTDC_LayerInit), (150 bytes).
    Removing stm32f4xx_ltdc.o(i.LTDC_LayerPixelFormat), (96 bytes).
    Removing stm32f4xx_ltdc.o(i.LTDC_LayerPosition), (116 bytes).
    Removing stm32f4xx_ltdc.o(i.LTDC_LayerSize), (86 bytes).
    Removing stm32f4xx_ltdc.o(i.LTDC_LayerStructInit), (44 bytes).
    Removing stm32f4xx_ltdc.o(i.LTDC_PosStructInit), (8 bytes).
    Removing stm32f4xx_ltdc.o(i.LTDC_RGBStructInit), (10 bytes).
    Removing stm32f4xx_ltdc.o(i.LTDC_ReloadConfig), (12 bytes).
    Removing stm32f4xx_ltdc.o(i.LTDC_StructInit), (34 bytes).
    Removing stm32f4xx_pwr.o(.rev16_text), (4 bytes).
    Removing stm32f4xx_pwr.o(.revsh_text), (4 bytes).
    Removing stm32f4xx_pwr.o(.rrx_text), (6 bytes).
    Removing stm32f4xx_pwr.o(i.PWR_BackupAccessCmd), (12 bytes).
    Removing stm32f4xx_pwr.o(i.PWR_BackupRegulatorCmd), (12 bytes).
    Removing stm32f4xx_pwr.o(i.PWR_ClearFlag), (16 bytes).
    Removing stm32f4xx_pwr.o(i.PWR_DeInit), (24 bytes).
    Removing stm32f4xx_pwr.o(i.PWR_EnterSTANDBYMode), (32 bytes).
    Removing stm32f4xx_pwr.o(i.PWR_EnterSTOPMode), (56 bytes).
    Removing stm32f4xx_pwr.o(i.PWR_EnterUnderDriveSTOPMode), (56 bytes).
    Removing stm32f4xx_pwr.o(i.PWR_FlashPowerDownCmd), (12 bytes).
    Removing stm32f4xx_pwr.o(i.PWR_GetFlagStatus), (20 bytes).
    Removing stm32f4xx_pwr.o(i.PWR_MainRegulatorModeConfig), (20 bytes).
    Removing stm32f4xx_pwr.o(i.PWR_OverDriveCmd), (12 bytes).
    Removing stm32f4xx_pwr.o(i.PWR_OverDriveSWCmd), (12 bytes).
    Removing stm32f4xx_pwr.o(i.PWR_PVDCmd), (12 bytes).
    Removing stm32f4xx_pwr.o(i.PWR_PVDLevelConfig), (20 bytes).
    Removing stm32f4xx_pwr.o(i.PWR_UnderDriveCmd), (28 bytes).
    Removing stm32f4xx_pwr.o(i.PWR_WakeUpPinCmd), (12 bytes).
    Removing stm32f4xx_qspi.o(.rev16_text), (4 bytes).
    Removing stm32f4xx_qspi.o(.revsh_text), (4 bytes).
    Removing stm32f4xx_qspi.o(.rrx_text), (6 bytes).
    Removing stm32f4xx_rcc.o(.rev16_text), (4 bytes).
    Removing stm32f4xx_rcc.o(.revsh_text), (4 bytes).
    Removing stm32f4xx_rcc.o(.rrx_text), (6 bytes).
    Removing stm32f4xx_rcc.o(i.RCC_AHB1PeriphClockLPModeCmd), (24 bytes).
    Removing stm32f4xx_rcc.o(i.RCC_AHB1PeriphResetCmd), (24 bytes).
    Removing stm32f4xx_rcc.o(i.RCC_AHB2PeriphClockCmd), (24 bytes).
    Removing stm32f4xx_rcc.o(i.RCC_AHB2PeriphClockLPModeCmd), (24 bytes).
    Removing stm32f4xx_rcc.o(i.RCC_AHB2PeriphResetCmd), (24 bytes).
    Removing stm32f4xx_rcc.o(i.RCC_AHB3PeriphClockCmd), (24 bytes).
    Removing stm32f4xx_rcc.o(i.RCC_AHB3PeriphClockLPModeCmd), (24 bytes).
    Removing stm32f4xx_rcc.o(i.RCC_AHB3PeriphResetCmd), (24 bytes).
    Removing stm32f4xx_rcc.o(i.RCC_APB1PeriphClockLPModeCmd), (24 bytes).
    Removing stm32f4xx_rcc.o(i.RCC_APB1PeriphResetCmd), (24 bytes).
    Removing stm32f4xx_rcc.o(i.RCC_APB2PeriphClockLPModeCmd), (24 bytes).
    Removing stm32f4xx_rcc.o(i.RCC_APB2PeriphResetCmd), (24 bytes).
    Removing stm32f4xx_rcc.o(i.RCC_AdjustHSICalibrationValue), (20 bytes).
    Removing stm32f4xx_rcc.o(i.RCC_BackupResetCmd), (12 bytes).
    Removing stm32f4xx_rcc.o(i.RCC_ClearFlag), (16 bytes).
    Removing stm32f4xx_rcc.o(i.RCC_ClearITPendingBit), (12 bytes).
    Removing stm32f4xx_rcc.o(i.RCC_ClockSecuritySystemCmd), (12 bytes).
    Removing stm32f4xx_rcc.o(i.RCC_DeInit), (84 bytes).
    Removing stm32f4xx_rcc.o(i.RCC_GetFlagStatus), (52 bytes).
    Removing stm32f4xx_rcc.o(i.RCC_GetITStatus), (20 bytes).
    Removing stm32f4xx_rcc.o(i.RCC_GetSYSCLKSource), (16 bytes).
    Removing stm32f4xx_rcc.o(i.RCC_HCLKConfig), (20 bytes).
    Removing stm32f4xx_rcc.o(i.RCC_HSEConfig), (16 bytes).
    Removing stm32f4xx_rcc.o(i.RCC_HSICmd), (12 bytes).
    Removing stm32f4xx_rcc.o(i.RCC_I2SCLKConfig), (12 bytes).
    Removing stm32f4xx_rcc.o(i.RCC_ITConfig), (24 bytes).
    Removing stm32f4xx_rcc.o(i.RCC_LSEConfig), (28 bytes).
    Removing stm32f4xx_rcc.o(i.RCC_LSEModeConfig), (28 bytes).
    Removing stm32f4xx_rcc.o(i.RCC_LSICmd), (12 bytes).
    Removing stm32f4xx_rcc.o(i.RCC_LTDCCLKDivConfig), (20 bytes).
    Removing stm32f4xx_rcc.o(i.RCC_MCO1Config), (20 bytes).
    Removing stm32f4xx_rcc.o(i.RCC_MCO2Config), (20 bytes).
    Removing stm32f4xx_rcc.o(i.RCC_PCLK1Config), (20 bytes).
    Removing stm32f4xx_rcc.o(i.RCC_PCLK2Config), (20 bytes).
    Removing stm32f4xx_rcc.o(i.RCC_PLLCmd), (12 bytes).
    Removing stm32f4xx_rcc.o(i.RCC_PLLConfig), (40 bytes).
    Removing stm32f4xx_rcc.o(i.RCC_PLLI2SCmd), (12 bytes).
    Removing stm32f4xx_rcc.o(i.RCC_PLLI2SConfig), (16 bytes).
    Removing stm32f4xx_rcc.o(i.RCC_PLLSAICmd), (12 bytes).
    Removing stm32f4xx_rcc.o(i.RCC_PLLSAIConfig), (20 bytes).
    Removing stm32f4xx_rcc.o(i.RCC_RTCCLKCmd), (12 bytes).
    Removing stm32f4xx_rcc.o(i.RCC_RTCCLKConfig), (48 bytes).
    Removing stm32f4xx_rcc.o(i.RCC_SAIBlockACLKConfig), (20 bytes).
    Removing stm32f4xx_rcc.o(i.RCC_SAIBlockBCLKConfig), (20 bytes).
    Removing stm32f4xx_rcc.o(i.RCC_SAIPLLI2SClkDivConfig), (20 bytes).
    Removing stm32f4xx_rcc.o(i.RCC_SAIPLLSAIClkDivConfig), (28 bytes).
    Removing stm32f4xx_rcc.o(i.RCC_SYSCLKConfig), (20 bytes).
    Removing stm32f4xx_rcc.o(i.RCC_TIMCLKPresConfig), (12 bytes).
    Removing stm32f4xx_rcc.o(i.RCC_WaitForHSEStartUp), (44 bytes).
    Removing stm32f4xx_rng.o(.rev16_text), (4 bytes).
    Removing stm32f4xx_rng.o(.revsh_text), (4 bytes).
    Removing stm32f4xx_rng.o(.rrx_text), (6 bytes).
    Removing stm32f4xx_rng.o(i.RNG_ClearFlag), (16 bytes).
    Removing stm32f4xx_rng.o(i.RNG_ClearITPendingBit), (16 bytes).
    Removing stm32f4xx_rng.o(i.RNG_Cmd), (28 bytes).
    Removing stm32f4xx_rng.o(i.RNG_DeInit), (22 bytes).
    Removing stm32f4xx_rng.o(i.RNG_GetFlagStatus), (20 bytes).
    Removing stm32f4xx_rng.o(i.RNG_GetITStatus), (20 bytes).
    Removing stm32f4xx_rng.o(i.RNG_GetRandomNumber), (12 bytes).
    Removing stm32f4xx_rng.o(i.RNG_ITConfig), (28 bytes).
    Removing stm32f4xx_rtc.o(.rev16_text), (4 bytes).
    Removing stm32f4xx_rtc.o(.revsh_text), (4 bytes).
    Removing stm32f4xx_rtc.o(.rrx_text), (6 bytes).
    Removing stm32f4xx_rtc.o(i.RTC_AlarmCmd), (84 bytes).
    Removing stm32f4xx_rtc.o(i.RTC_AlarmStructInit), (20 bytes).
    Removing stm32f4xx_rtc.o(i.RTC_AlarmSubSecondConfig), (44 bytes).
    Removing stm32f4xx_rtc.o(i.RTC_Bcd2ToByte), (18 bytes).
    Removing stm32f4xx_rtc.o(i.RTC_BypassShadowCmd), (44 bytes).
    Removing stm32f4xx_rtc.o(i.RTC_ByteToBcd2), (24 bytes).
    Removing stm32f4xx_rtc.o(i.RTC_CalibOutputCmd), (44 bytes).
    Removing stm32f4xx_rtc.o(i.RTC_CalibOutputConfig), (40 bytes).
    Removing stm32f4xx_rtc.o(i.RTC_ClearFlag), (28 bytes).
    Removing stm32f4xx_rtc.o(i.RTC_ClearITPendingBit), (28 bytes).
    Removing stm32f4xx_rtc.o(i.RTC_CoarseCalibCmd), (60 bytes).
    Removing stm32f4xx_rtc.o(i.RTC_CoarseCalibConfig), (52 bytes).
    Removing stm32f4xx_rtc.o(i.RTC_DateStructInit), (14 bytes).
    Removing stm32f4xx_rtc.o(i.RTC_DayLightSavingConfig), (44 bytes).
    Removing stm32f4xx_rtc.o(i.RTC_DeInit), (176 bytes).
    Removing stm32f4xx_rtc.o(i.RTC_EnterInitMode), (60 bytes).
    Removing stm32f4xx_rtc.o(i.RTC_ExitInitMode), (16 bytes).
    Removing stm32f4xx_rtc.o(i.RTC_GetAlarm), (108 bytes).
    Removing stm32f4xx_rtc.o(i.RTC_GetAlarmSubSecond), (28 bytes).
    Removing stm32f4xx_rtc.o(i.RTC_GetDate), (72 bytes).
    Removing stm32f4xx_rtc.o(i.RTC_GetFlagStatus), (28 bytes).
    Removing stm32f4xx_rtc.o(i.RTC_GetITStatus), (64 bytes).
    Removing stm32f4xx_rtc.o(i.RTC_GetStoreOperation), (16 bytes).
    Removing stm32f4xx_rtc.o(i.RTC_GetSubSecond), (16 bytes).
    Removing stm32f4xx_rtc.o(i.RTC_GetTime), (76 bytes).
    Removing stm32f4xx_rtc.o(i.RTC_GetTimeStamp), (136 bytes).
    Removing stm32f4xx_rtc.o(i.RTC_GetTimeStampSubSecond), (12 bytes).
    Removing stm32f4xx_rtc.o(i.RTC_GetWakeUpCounter), (12 bytes).
    Removing stm32f4xx_rtc.o(i.RTC_ITConfig), (64 bytes).
    Removing stm32f4xx_rtc.o(i.RTC_Init), (80 bytes).
    Removing stm32f4xx_rtc.o(i.RTC_OutputConfig), (44 bytes).
    Removing stm32f4xx_rtc.o(i.RTC_OutputTypeConfig), (24 bytes).
    Removing stm32f4xx_rtc.o(i.RTC_ReadBackupRegister), (20 bytes).
    Removing stm32f4xx_rtc.o(i.RTC_RefClockCmd), (60 bytes).
    Removing stm32f4xx_rtc.o(i.RTC_SetAlarm), (164 bytes).
    Removing stm32f4xx_rtc.o(i.RTC_SetDate), (156 bytes).
    Removing stm32f4xx_rtc.o(i.RTC_SetTime), (160 bytes).
    Removing stm32f4xx_rtc.o(i.RTC_SetWakeUpCounter), (28 bytes).
    Removing stm32f4xx_rtc.o(i.RTC_SmoothCalibConfig), (76 bytes).
    Removing stm32f4xx_rtc.o(i.RTC_StructInit), (14 bytes).
    Removing stm32f4xx_rtc.o(i.RTC_SynchroShiftConfig), (88 bytes).
    Removing stm32f4xx_rtc.o(i.RTC_TamperCmd), (24 bytes).
    Removing stm32f4xx_rtc.o(i.RTC_TamperFilterConfig), (24 bytes).
    Removing stm32f4xx_rtc.o(i.RTC_TamperPinSelection), (24 bytes).
    Removing stm32f4xx_rtc.o(i.RTC_TamperPinsPrechargeDuration), (24 bytes).
    Removing stm32f4xx_rtc.o(i.RTC_TamperPullUpCmd), (28 bytes).
    Removing stm32f4xx_rtc.o(i.RTC_TamperSamplingFreqConfig), (24 bytes).
    Removing stm32f4xx_rtc.o(i.RTC_TamperTriggerConfig), (28 bytes).
    Removing stm32f4xx_rtc.o(i.RTC_TimeStampCmd), (48 bytes).
    Removing stm32f4xx_rtc.o(i.RTC_TimeStampOnTamperDetectionCmd), (28 bytes).
    Removing stm32f4xx_rtc.o(i.RTC_TimeStampPinSelection), (24 bytes).
    Removing stm32f4xx_rtc.o(i.RTC_TimeStructInit), (12 bytes).
    Removing stm32f4xx_rtc.o(i.RTC_WaitForSynchro), (76 bytes).
    Removing stm32f4xx_rtc.o(i.RTC_WakeUpClockConfig), (40 bytes).
    Removing stm32f4xx_rtc.o(i.RTC_WakeUpCmd), (88 bytes).
    Removing stm32f4xx_rtc.o(i.RTC_WriteBackupRegister), (20 bytes).
    Removing stm32f4xx_rtc.o(i.RTC_WriteProtectionCmd), (24 bytes).
    Removing stm32f4xx_spi.o(.rev16_text), (4 bytes).
    Removing stm32f4xx_spi.o(.revsh_text), (4 bytes).
    Removing stm32f4xx_spi.o(.rrx_text), (6 bytes).
    Removing stm32f4xx_spi.o(i.I2S_Cmd), (20 bytes).
    Removing stm32f4xx_spi.o(i.I2S_FullDuplexConfig), (58 bytes).
    Removing stm32f4xx_spi.o(i.I2S_Init), (240 bytes).
    Removing stm32f4xx_spi.o(i.I2S_StructInit), (18 bytes).
    Removing stm32f4xx_spi.o(i.SPI_BiDirectionalLineConfig), (22 bytes).
    Removing stm32f4xx_spi.o(i.SPI_CalculateCRC), (20 bytes).
    Removing stm32f4xx_spi.o(i.SPI_Cmd), (20 bytes).
    Removing stm32f4xx_spi.o(i.SPI_DataSizeConfig), (16 bytes).
    Removing stm32f4xx_spi.o(i.SPI_GetCRC), (12 bytes).
    Removing stm32f4xx_spi.o(i.SPI_GetCRCPolynomial), (4 bytes).
    Removing stm32f4xx_spi.o(i.SPI_I2S_ClearFlag), (6 bytes).
    Removing stm32f4xx_spi.o(i.SPI_I2S_ClearITPendingBit), (14 bytes).
    Removing stm32f4xx_spi.o(i.SPI_I2S_DMACmd), (16 bytes).
    Removing stm32f4xx_spi.o(i.SPI_I2S_DeInit), (132 bytes).
    Removing stm32f4xx_spi.o(i.SPI_I2S_GetFlagStatus), (14 bytes).
    Removing stm32f4xx_spi.o(i.SPI_I2S_GetITStatus), (42 bytes).
    Removing stm32f4xx_spi.o(i.SPI_I2S_ITConfig), (24 bytes).
    Removing stm32f4xx_spi.o(i.SPI_I2S_ReceiveData), (4 bytes).
    Removing stm32f4xx_spi.o(i.SPI_I2S_SendData), (4 bytes).
    Removing stm32f4xx_spi.o(i.SPI_Init), (56 bytes).
    Removing stm32f4xx_spi.o(i.SPI_NSSInternalSoftwareConfig), (24 bytes).
    Removing stm32f4xx_spi.o(i.SPI_SSOutputCmd), (20 bytes).
    Removing stm32f4xx_spi.o(i.SPI_StructInit), (24 bytes).
    Removing stm32f4xx_spi.o(i.SPI_TIModeCmd), (20 bytes).
    Removing stm32f4xx_spi.o(i.SPI_TransmitCRC), (10 bytes).
    Removing stm32f4xx_sai.o(.rev16_text), (4 bytes).
    Removing stm32f4xx_sai.o(.revsh_text), (4 bytes).
    Removing stm32f4xx_sai.o(.rrx_text), (6 bytes).
    Removing stm32f4xx_sai.o(i.SAI_ClearFlag), (8 bytes).
    Removing stm32f4xx_sai.o(i.SAI_ClearITPendingBit), (8 bytes).
    Removing stm32f4xx_sai.o(i.SAI_Cmd), (20 bytes).
    Removing stm32f4xx_sai.o(i.SAI_CompandingModeConfig), (16 bytes).
    Removing stm32f4xx_sai.o(i.SAI_DMACmd), (20 bytes).
    Removing stm32f4xx_sai.o(i.SAI_DeInit), (36 bytes).
    Removing stm32f4xx_sai.o(i.SAI_FlushFIFO), (10 bytes).
    Removing stm32f4xx_sai.o(i.SAI_FrameInit), (48 bytes).
    Removing stm32f4xx_sai.o(i.SAI_FrameStructInit), (18 bytes).
    Removing stm32f4xx_sai.o(i.SAI_GetCmdStatus), (14 bytes).
    Removing stm32f4xx_sai.o(i.SAI_GetFIFOStatus), (8 bytes).
    Removing stm32f4xx_sai.o(i.SAI_GetFlagStatus), (14 bytes).
    Removing stm32f4xx_sai.o(i.SAI_GetITStatus), (22 bytes).
    Removing stm32f4xx_sai.o(i.SAI_ITConfig), (16 bytes).
    Removing stm32f4xx_sai.o(i.SAI_Init), (72 bytes).
    Removing stm32f4xx_sai.o(i.SAI_MonoModeConfig), (18 bytes).
    Removing stm32f4xx_sai.o(i.SAI_MuteFrameCounterConfig), (18 bytes).
    Removing stm32f4xx_sai.o(i.SAI_MuteModeCmd), (20 bytes).
    Removing stm32f4xx_sai.o(i.SAI_MuteValueConfig), (16 bytes).
    Removing stm32f4xx_sai.o(i.SAI_ReceiveData), (4 bytes).
    Removing stm32f4xx_sai.o(i.SAI_SendData), (4 bytes).
    Removing stm32f4xx_sai.o(i.SAI_SlotInit), (38 bytes).
    Removing stm32f4xx_sai.o(i.SAI_SlotStructInit), (14 bytes).
    Removing stm32f4xx_sai.o(i.SAI_StructInit), (28 bytes).
    Removing stm32f4xx_sai.o(i.SAI_TRIStateConfig), (18 bytes).
    Removing stm32f4xx_sdio.o(.rev16_text), (4 bytes).
    Removing stm32f4xx_sdio.o(.revsh_text), (4 bytes).
    Removing stm32f4xx_sdio.o(.rrx_text), (6 bytes).
    Removing stm32f4xx_sdio.o(i.SDIO_CEATAITCmd), (16 bytes).
    Removing stm32f4xx_sdio.o(i.SDIO_ClearFlag), (12 bytes).
    Removing stm32f4xx_sdio.o(i.SDIO_ClearITPendingBit), (12 bytes).
    Removing stm32f4xx_sdio.o(i.SDIO_ClockCmd), (12 bytes).
    Removing stm32f4xx_sdio.o(i.SDIO_CmdStructInit), (14 bytes).
    Removing stm32f4xx_sdio.o(i.SDIO_CommandCompletionCmd), (12 bytes).
    Removing stm32f4xx_sdio.o(i.SDIO_DMACmd), (12 bytes).
    Removing stm32f4xx_sdio.o(i.SDIO_DataConfig), (48 bytes).
    Removing stm32f4xx_sdio.o(i.SDIO_DataStructInit), (20 bytes).
    Removing stm32f4xx_sdio.o(i.SDIO_DeInit), (24 bytes).
    Removing stm32f4xx_sdio.o(i.SDIO_GetCommandResponse), (12 bytes).
    Removing stm32f4xx_sdio.o(i.SDIO_GetDataCounter), (12 bytes).
    Removing stm32f4xx_sdio.o(i.SDIO_GetFIFOCount), (12 bytes).
    Removing stm32f4xx_sdio.o(i.SDIO_GetFlagStatus), (20 bytes).
    Removing stm32f4xx_sdio.o(i.SDIO_GetITStatus), (20 bytes).
    Removing stm32f4xx_sdio.o(i.SDIO_GetPowerState), (16 bytes).
    Removing stm32f4xx_sdio.o(i.SDIO_GetResponse), (16 bytes).
    Removing stm32f4xx_sdio.o(i.SDIO_ITConfig), (24 bytes).
    Removing stm32f4xx_sdio.o(i.SDIO_Init), (44 bytes).
    Removing stm32f4xx_sdio.o(i.SDIO_ReadData), (12 bytes).
    Removing stm32f4xx_sdio.o(i.SDIO_SendCEATACmd), (12 bytes).
    Removing stm32f4xx_sdio.o(i.SDIO_SendCommand), (40 bytes).
    Removing stm32f4xx_sdio.o(i.SDIO_SendSDIOSuspendCmd), (12 bytes).
    Removing stm32f4xx_sdio.o(i.SDIO_SetPowerState), (12 bytes).
    Removing stm32f4xx_sdio.o(i.SDIO_SetSDIOOperation), (12 bytes).
    Removing stm32f4xx_sdio.o(i.SDIO_SetSDIOReadWaitMode), (12 bytes).
    Removing stm32f4xx_sdio.o(i.SDIO_StartSDIOReadWait), (12 bytes).
    Removing stm32f4xx_sdio.o(i.SDIO_StopSDIOReadWait), (12 bytes).
    Removing stm32f4xx_sdio.o(i.SDIO_StructInit), (16 bytes).
    Removing stm32f4xx_sdio.o(i.SDIO_WriteData), (12 bytes).
    Removing stm32f4xx_spdifrx.o(.rev16_text), (4 bytes).
    Removing stm32f4xx_spdifrx.o(.revsh_text), (4 bytes).
    Removing stm32f4xx_spdifrx.o(.rrx_text), (6 bytes).
    Removing stm32f4xx_syscfg.o(.rev16_text), (4 bytes).
    Removing stm32f4xx_syscfg.o(.revsh_text), (4 bytes).
    Removing stm32f4xx_syscfg.o(.rrx_text), (6 bytes).
    Removing stm32f4xx_syscfg.o(i.SYSCFG_CompensationCellCmd), (12 bytes).
    Removing stm32f4xx_syscfg.o(i.SYSCFG_DeInit), (24 bytes).
    Removing stm32f4xx_syscfg.o(i.SYSCFG_ETH_MediaInterfaceConfig), (12 bytes).
    Removing stm32f4xx_syscfg.o(i.SYSCFG_GetCompensationCellStatus), (20 bytes).
    Removing stm32f4xx_syscfg.o(i.SYSCFG_MemoryRemapConfig), (12 bytes).
    Removing stm32f4xx_syscfg.o(i.SYSCFG_MemorySwappingBank), (12 bytes).
    Removing stm32f4xx_tim.o(.rev16_text), (4 bytes).
    Removing stm32f4xx_tim.o(.revsh_text), (4 bytes).
    Removing stm32f4xx_tim.o(.rrx_text), (6 bytes).
    Removing stm32f4xx_tim.o(i.TI1_Config), (46 bytes).
    Removing stm32f4xx_tim.o(i.TI2_Config), (54 bytes).
    Removing stm32f4xx_tim.o(i.TIM_BDTRConfig), (34 bytes).
    Removing stm32f4xx_tim.o(i.TIM_BDTRStructInit), (18 bytes).
    Removing stm32f4xx_tim.o(i.TIM_CCPreloadControl), (20 bytes).
    Removing stm32f4xx_tim.o(i.TIM_CCxCmd), (22 bytes).
    Removing stm32f4xx_tim.o(i.TIM_CCxNCmd), (22 bytes).
    Removing stm32f4xx_tim.o(i.TIM_ClearFlag), (6 bytes).
    Removing stm32f4xx_tim.o(i.TIM_ClearITPendingBit), (6 bytes).
    Removing stm32f4xx_tim.o(i.TIM_ClearOC1Ref), (12 bytes).
    Removing stm32f4xx_tim.o(i.TIM_ClearOC2Ref), (20 bytes).
    Removing stm32f4xx_tim.o(i.TIM_ClearOC3Ref), (12 bytes).
    Removing stm32f4xx_tim.o(i.TIM_ClearOC4Ref), (20 bytes).
    Removing stm32f4xx_tim.o(i.TIM_CounterModeConfig), (12 bytes).
    Removing stm32f4xx_tim.o(i.TIM_CtrlPWMOutputs), (22 bytes).
    Removing stm32f4xx_tim.o(i.TIM_DMACmd), (16 bytes).
    Removing stm32f4xx_tim.o(i.TIM_DMAConfig), (8 bytes).
    Removing stm32f4xx_tim.o(i.TIM_DeInit), (336 bytes).
    Removing stm32f4xx_tim.o(i.TIM_ETRClockMode1Config), (18 bytes).
    Removing stm32f4xx_tim.o(i.TIM_ETRClockMode2Config), (18 bytes).
    Removing stm32f4xx_tim.o(i.TIM_ETRConfig), (24 bytes).
    Removing stm32f4xx_tim.o(i.TIM_EncoderInterfaceConfig), (50 bytes).
    Removing stm32f4xx_tim.o(i.TIM_ForcedOC1Config), (12 bytes).
    Removing stm32f4xx_tim.o(i.TIM_ForcedOC2Config), (20 bytes).
    Removing stm32f4xx_tim.o(i.TIM_ForcedOC3Config), (12 bytes).
    Removing stm32f4xx_tim.o(i.TIM_ForcedOC4Config), (20 bytes).
    Removing stm32f4xx_tim.o(i.TIM_GenerateEvent), (4 bytes).
    Removing stm32f4xx_tim.o(i.TIM_GetCapture1), (4 bytes).
    Removing stm32f4xx_tim.o(i.TIM_GetCapture2), (4 bytes).
    Removing stm32f4xx_tim.o(i.TIM_GetCapture3), (4 bytes).
    Removing stm32f4xx_tim.o(i.TIM_GetCapture4), (4 bytes).
    Removing stm32f4xx_tim.o(i.TIM_GetCounter), (4 bytes).
    Removing stm32f4xx_tim.o(i.TIM_GetFlagStatus), (14 bytes).
    Removing stm32f4xx_tim.o(i.TIM_GetITStatus), (24 bytes).
    Removing stm32f4xx_tim.o(i.TIM_GetPrescaler), (4 bytes).
    Removing stm32f4xx_tim.o(i.TIM_ICInit), (172 bytes).
    Removing stm32f4xx_tim.o(i.TIM_ICStructInit), (16 bytes).
    Removing stm32f4xx_tim.o(i.TIM_ITRxExternalClockConfig), (18 bytes).
    Removing stm32f4xx_tim.o(i.TIM_InternalClockConfig), (10 bytes).
    Removing stm32f4xx_tim.o(i.TIM_OC1FastConfig), (12 bytes).
    Removing stm32f4xx_tim.o(i.TIM_OC1Init), (96 bytes).
    Removing stm32f4xx_tim.o(i.TIM_OC1NPolarityConfig), (12 bytes).
    Removing stm32f4xx_tim.o(i.TIM_OC1PolarityConfig), (12 bytes).
    Removing stm32f4xx_tim.o(i.TIM_OC1PreloadConfig), (12 bytes).
    Removing stm32f4xx_tim.o(i.TIM_OC2FastConfig), (20 bytes).
    Removing stm32f4xx_tim.o(i.TIM_OC2Init), (128 bytes).
    Removing stm32f4xx_tim.o(i.TIM_OC2NPolarityConfig), (20 bytes).
    Removing stm32f4xx_tim.o(i.TIM_OC2PolarityConfig), (20 bytes).
    Removing stm32f4xx_tim.o(i.TIM_OC2PreloadConfig), (20 bytes).
    Removing stm32f4xx_tim.o(i.TIM_OC3FastConfig), (12 bytes).
    Removing stm32f4xx_tim.o(i.TIM_OC3NPolarityConfig), (20 bytes).
    Removing stm32f4xx_tim.o(i.TIM_OC3PolarityConfig), (20 bytes).
    Removing stm32f4xx_tim.o(i.TIM_OC4FastConfig), (20 bytes).
    Removing stm32f4xx_tim.o(i.TIM_OC4Init), (96 bytes).
    Removing stm32f4xx_tim.o(i.TIM_OC4PolarityConfig), (20 bytes).
    Removing stm32f4xx_tim.o(i.TIM_OC4PreloadConfig), (20 bytes).
    Removing stm32f4xx_tim.o(i.TIM_PWMIConfig), (108 bytes).
    Removing stm32f4xx_tim.o(i.TIM_PrescalerConfig), (6 bytes).
    Removing stm32f4xx_tim.o(i.TIM_RemapConfig), (6 bytes).
    Removing stm32f4xx_tim.o(i.TIM_SelectCCDMA), (20 bytes).
    Removing stm32f4xx_tim.o(i.TIM_SelectCOM), (20 bytes).
    Removing stm32f4xx_tim.o(i.TIM_SelectHallSensor), (20 bytes).
    Removing stm32f4xx_tim.o(i.TIM_SelectInputTrigger), (12 bytes).
    Removing stm32f4xx_tim.o(i.TIM_SelectMasterSlaveMode), (16 bytes).
    Removing stm32f4xx_tim.o(i.TIM_SelectOCxM), (74 bytes).
    Removing stm32f4xx_tim.o(i.TIM_SelectOnePulseMode), (16 bytes).
    Removing stm32f4xx_tim.o(i.TIM_SelectOutputTrigger), (16 bytes).
    Removing stm32f4xx_tim.o(i.TIM_SelectSlaveMode), (16 bytes).
    Removing stm32f4xx_tim.o(i.TIM_SetAutoreload), (4 bytes).
    Removing stm32f4xx_tim.o(i.TIM_SetClockDivision), (16 bytes).
    Removing stm32f4xx_tim.o(i.TIM_SetCompare1), (4 bytes).
    Removing stm32f4xx_tim.o(i.TIM_SetCompare2), (4 bytes).
    Removing stm32f4xx_tim.o(i.TIM_SetCompare3), (4 bytes).
    Removing stm32f4xx_tim.o(i.TIM_SetCompare4), (4 bytes).
    Removing stm32f4xx_tim.o(i.TIM_SetCounter), (4 bytes).
    Removing stm32f4xx_tim.o(i.TIM_SetIC1Prescaler), (16 bytes).
    Removing stm32f4xx_tim.o(i.TIM_SetIC2Prescaler), (24 bytes).
    Removing stm32f4xx_tim.o(i.TIM_SetIC3Prescaler), (16 bytes).
    Removing stm32f4xx_tim.o(i.TIM_SetIC4Prescaler), (24 bytes).
    Removing stm32f4xx_tim.o(i.TIM_TIxExternalClockConfig), (46 bytes).
    Removing stm32f4xx_tim.o(i.TIM_UpdateDisableConfig), (20 bytes).
    Removing stm32f4xx_tim.o(i.TIM_UpdateRequestConfig), (20 bytes).
    Removing stm32f4xx_usart.o(.rev16_text), (4 bytes).
    Removing stm32f4xx_usart.o(.revsh_text), (4 bytes).
    Removing stm32f4xx_usart.o(.rrx_text), (6 bytes).
    Removing stm32f4xx_usart.o(i.USART_ClearFlag), (6 bytes).
    Removing stm32f4xx_usart.o(i.USART_ClearITPendingBit), (12 bytes).
    Removing stm32f4xx_usart.o(i.USART_ClockInit), (28 bytes).
    Removing stm32f4xx_usart.o(i.USART_ClockStructInit), (12 bytes).
    Removing stm32f4xx_usart.o(i.USART_DMACmd), (16 bytes).
    Removing stm32f4xx_usart.o(i.USART_DeInit), (172 bytes).
    Removing stm32f4xx_usart.o(i.USART_GetITStatus), (62 bytes).
    Removing stm32f4xx_usart.o(i.USART_HalfDuplexCmd), (20 bytes).
    Removing stm32f4xx_usart.o(i.USART_ITConfig), (48 bytes).
    Removing stm32f4xx_usart.o(i.USART_IrDACmd), (20 bytes).
    Removing stm32f4xx_usart.o(i.USART_IrDAConfig), (16 bytes).
    Removing stm32f4xx_usart.o(i.USART_LINBreakDetectLengthConfig), (16 bytes).
    Removing stm32f4xx_usart.o(i.USART_LINCmd), (20 bytes).
    Removing stm32f4xx_usart.o(i.USART_OneBitMethodCmd), (20 bytes).
    Removing stm32f4xx_usart.o(i.USART_OverSampling8Cmd), (20 bytes).
    Removing stm32f4xx_usart.o(i.USART_ReceiveData), (8 bytes).
    Removing stm32f4xx_usart.o(i.USART_ReceiverWakeUpCmd), (20 bytes).
    Removing stm32f4xx_usart.o(i.USART_SendBreak), (10 bytes).
    Removing stm32f4xx_usart.o(i.USART_SetAddress), (16 bytes).
    Removing stm32f4xx_usart.o(i.USART_SetGuardTime), (16 bytes).
    Removing stm32f4xx_usart.o(i.USART_SetPrescaler), (16 bytes).
    Removing stm32f4xx_usart.o(i.USART_SmartCardCmd), (20 bytes).
    Removing stm32f4xx_usart.o(i.USART_SmartCardNACKCmd), (20 bytes).
    Removing stm32f4xx_usart.o(i.USART_StructInit), (22 bytes).
    Removing stm32f4xx_usart.o(i.USART_WakeUpConfig), (16 bytes).
    Removing stm32f4xx_wwdg.o(.rev16_text), (4 bytes).
    Removing stm32f4xx_wwdg.o(.revsh_text), (4 bytes).
    Removing stm32f4xx_wwdg.o(.rrx_text), (6 bytes).
    Removing stm32f4xx_wwdg.o(i.WWDG_ClearFlag), (12 bytes).
    Removing stm32f4xx_wwdg.o(i.WWDG_DeInit), (24 bytes).
    Removing stm32f4xx_wwdg.o(i.WWDG_Enable), (16 bytes).
    Removing stm32f4xx_wwdg.o(i.WWDG_EnableIT), (16 bytes).
    Removing stm32f4xx_wwdg.o(i.WWDG_GetFlagStatus), (20 bytes).
    Removing stm32f4xx_wwdg.o(i.WWDG_SetCounter), (16 bytes).
    Removing stm32f4xx_wwdg.o(i.WWDG_SetPrescaler), (20 bytes).
    Removing stm32f4xx_wwdg.o(i.WWDG_SetWindowValue), (28 bytes).
    Removing startup_stm32f40_41xxx.o(HEAP), (2048 bytes).
    Removing system_stm32f4xx.o(.rev16_text), (4 bytes).
    Removing system_stm32f4xx.o(.revsh_text), (4 bytes).
    Removing system_stm32f4xx.o(.rrx_text), (6 bytes).
    Removing system_stm32f4xx.o(i.SystemCoreClockUpdate), (120 bytes).
    Removing lv_disp.o(i._lv_disp_get_refr_timer), (128 bytes).
    Removing lv_disp.o(i.lv_disp_clean_dcache), (136 bytes).
    Removing lv_disp.o(i.lv_disp_get_inactive_time), (54 bytes).
    Removing lv_disp.o(i.lv_disp_set_bg_color), (152 bytes).
    Removing lv_disp.o(i.lv_disp_set_bg_image), (144 bytes).
    Removing lv_disp.o(i.lv_disp_set_bg_opa), (148 bytes).
    Removing lv_disp.o(i.lv_disp_trig_activity), (136 bytes).
    Removing lv_disp.o(i.lv_scr_act), (14 bytes).
    Removing lv_disp.o(i.lv_scr_load_anim), (500 bytes).
    Removing lv_disp.o(i.opa_scale_anim), (8 bytes).
    Removing lv_disp.o(i.scr_anim_ready), (70 bytes).
    Removing lv_disp.o(i.scr_load_anim_start), (36 bytes).
    Removing lv_disp.o(i.set_x_anim), (6 bytes).
    Removing lv_disp.o(i.set_y_anim), (6 bytes).
    Removing lv_event.o(i.lv_event_get_cover_area), (124 bytes).
    Removing lv_event.o(i.lv_event_get_draw_part_dsc), (128 bytes).
    Removing lv_event.o(i.lv_event_get_hit_test_info), (124 bytes).
    Removing lv_event.o(i.lv_event_get_key), (128 bytes).
    Removing lv_event.o(i.lv_event_get_old_size), (124 bytes).
    Removing lv_event.o(i.lv_event_get_scroll_anim), (124 bytes).
    Removing lv_event.o(i.lv_event_get_self_size_info), (124 bytes).
    Removing lv_event.o(i.lv_event_register_id), (16 bytes).
    Removing lv_event.o(i.lv_event_set_cover_res), (128 bytes).
    Removing lv_event.o(i.lv_event_stop_bubbling), (10 bytes).
    Removing lv_event.o(i.lv_event_stop_processing), (10 bytes).
    Removing lv_event.o(i.lv_obj_get_event_user_data), (52 bytes).
    Removing lv_event.o(i.lv_obj_remove_event_cb), (268 bytes).
    Removing lv_event.o(i.lv_obj_remove_event_cb_with_user_data), (288 bytes).
    Removing lv_event.o(i.lv_obj_remove_event_dsc), (268 bytes).
    Removing lv_group.o(i.lv_group_create), (184 bytes).
    Removing lv_group.o(i.lv_group_del), (124 bytes).
    Removing lv_group.o(i.lv_group_focus_freeze), (18 bytes).
    Removing lv_group.o(i.lv_group_get_focus_cb), (8 bytes).
    Removing lv_group.o(i.lv_group_get_wrap), (12 bytes).
    Removing lv_group.o(i.lv_group_remove_all_objs), (74 bytes).
    Removing lv_group.o(i.lv_group_set_default), (12 bytes).
    Removing lv_group.o(i.lv_group_set_focus_cb), (4 bytes).
    Removing lv_group.o(i.lv_group_set_refocus_policy), (10 bytes).
    Removing lv_group.o(i.lv_group_set_wrap), (10 bytes).
    Removing lv_group.o(i.lv_group_swap_obj), (88 bytes).
    Removing lv_indev.o(i.lv_indev_enable), (16 bytes).
    Removing lv_indev.o(i.lv_indev_get_gesture_dir), (8 bytes).
    Removing lv_indev.o(i.lv_indev_get_key), (16 bytes).
    Removing lv_indev.o(i.lv_indev_get_read_timer), (120 bytes).
    Removing lv_indev.o(i.lv_indev_set_button_points), (12 bytes).
    Removing lv_indev.o(i.lv_indev_set_cursor), (66 bytes).
    Removing lv_indev.o(i.lv_indev_set_group), (16 bytes).
    Removing lv_indev_scroll.o(i.lv_indev_scroll_get_snap_dist), (42 bytes).
    Removing lv_obj.o(i.lv_deinit), (36 bytes).
    Removing lv_obj.o(i.lv_is_initialized), (12 bytes).
    Removing lv_obj.o(i.lv_obj_get_class), (4 bytes).
    Removing lv_obj.o(i.lv_obj_has_class), (18 bytes).
    Removing lv_obj.o(i.lv_obj_is_valid), (54 bytes).
    Removing lv_obj.o(i.obj_valid_child), (50 bytes).
    Removing lv_obj_draw.o(i.lv_obj_draw_part_check_type), (20 bytes).
    Removing lv_obj_pos.o(i.lv_obj_get_x2), (22 bytes).
    Removing lv_obj_pos.o(i.lv_obj_get_x_aligned), (6 bytes).
    Removing lv_obj_pos.o(i.lv_obj_get_y_aligned), (6 bytes).
    Removing lv_obj_pos.o(i.lv_obj_set_align), (6 bytes).
    Removing lv_obj_pos.o(i.lv_obj_set_content_height), (54 bytes).
    Removing lv_obj_pos.o(i.lv_obj_set_content_width), (54 bytes).
    Removing lv_obj_scroll.o(i.lv_obj_is_scrolling), (32 bytes).
    Removing lv_obj_scroll.o(i.lv_obj_scroll_to_view), (30 bytes).
    Removing lv_obj_scroll.o(i.lv_obj_update_snap), (36 bytes).
    Removing lv_obj_style.o(i.fade_anim_cb), (8 bytes).
    Removing lv_obj_style.o(i.fade_in_anim_ready), (12 bytes).
    Removing lv_obj_style.o(i.lv_obj_fade_in), (60 bytes).
    Removing lv_obj_style.o(i.lv_obj_fade_out), (64 bytes).
    Removing lv_obj_style_gen.o(i.lv_obj_set_style_anim_speed), (10 bytes).
    Removing lv_obj_style_gen.o(i.lv_obj_set_style_anim_time), (10 bytes).
    Removing lv_obj_style_gen.o(i.lv_obj_set_style_arc_color), (24 bytes).
    Removing lv_obj_style_gen.o(i.lv_obj_set_style_arc_color_filtered), (26 bytes).
    Removing lv_obj_style_gen.o(i.lv_obj_set_style_arc_img_src), (10 bytes).
    Removing lv_obj_style_gen.o(i.lv_obj_set_style_arc_opa), (10 bytes).
    Removing lv_obj_style_gen.o(i.lv_obj_set_style_arc_rounded), (10 bytes).
    Removing lv_obj_style_gen.o(i.lv_obj_set_style_arc_width), (12 bytes).
    Removing lv_obj_style_gen.o(i.lv_obj_set_style_bg_color_filtered), (26 bytes).
    Removing lv_obj_style_gen.o(i.lv_obj_set_style_bg_dither_mode), (10 bytes).
    Removing lv_obj_style_gen.o(i.lv_obj_set_style_bg_grad), (10 bytes).
    Removing lv_obj_style_gen.o(i.lv_obj_set_style_bg_grad_color), (24 bytes).
    Removing lv_obj_style_gen.o(i.lv_obj_set_style_bg_grad_color_filtered), (26 bytes).
    Removing lv_obj_style_gen.o(i.lv_obj_set_style_bg_grad_dir), (10 bytes).
    Removing lv_obj_style_gen.o(i.lv_obj_set_style_bg_grad_stop), (10 bytes).
    Removing lv_obj_style_gen.o(i.lv_obj_set_style_bg_img_opa), (10 bytes).
    Removing lv_obj_style_gen.o(i.lv_obj_set_style_bg_img_recolor), (24 bytes).
    Removing lv_obj_style_gen.o(i.lv_obj_set_style_bg_img_recolor_filtered), (26 bytes).
    Removing lv_obj_style_gen.o(i.lv_obj_set_style_bg_img_recolor_opa), (10 bytes).
    Removing lv_obj_style_gen.o(i.lv_obj_set_style_bg_img_tiled), (10 bytes).
    Removing lv_obj_style_gen.o(i.lv_obj_set_style_bg_main_stop), (10 bytes).
    Removing lv_obj_style_gen.o(i.lv_obj_set_style_blend_mode), (10 bytes).
    Removing lv_obj_style_gen.o(i.lv_obj_set_style_border_color), (24 bytes).
    Removing lv_obj_style_gen.o(i.lv_obj_set_style_border_color_filtered), (26 bytes).
    Removing lv_obj_style_gen.o(i.lv_obj_set_style_border_opa), (10 bytes).
    Removing lv_obj_style_gen.o(i.lv_obj_set_style_border_post), (10 bytes).
    Removing lv_obj_style_gen.o(i.lv_obj_set_style_border_side), (10 bytes).
    Removing lv_obj_style_gen.o(i.lv_obj_set_style_clip_corner), (10 bytes).
    Removing lv_obj_style_gen.o(i.lv_obj_set_style_color_filter_dsc), (10 bytes).
    Removing lv_obj_style_gen.o(i.lv_obj_set_style_color_filter_opa), (10 bytes).
    Removing lv_obj_style_gen.o(i.lv_obj_set_style_img_opa), (10 bytes).
    Removing lv_obj_style_gen.o(i.lv_obj_set_style_img_recolor), (24 bytes).
    Removing lv_obj_style_gen.o(i.lv_obj_set_style_img_recolor_filtered), (26 bytes).
    Removing lv_obj_style_gen.o(i.lv_obj_set_style_img_recolor_opa), (10 bytes).
    Removing lv_obj_style_gen.o(i.lv_obj_set_style_line_color_filtered), (26 bytes).
    Removing lv_obj_style_gen.o(i.lv_obj_set_style_line_dash_gap), (10 bytes).
    Removing lv_obj_style_gen.o(i.lv_obj_set_style_line_dash_width), (10 bytes).
    Removing lv_obj_style_gen.o(i.lv_obj_set_style_line_opa), (10 bytes).
    Removing lv_obj_style_gen.o(i.lv_obj_set_style_line_rounded), (10 bytes).
    Removing lv_obj_style_gen.o(i.lv_obj_set_style_max_height), (12 bytes).
    Removing lv_obj_style_gen.o(i.lv_obj_set_style_max_width), (12 bytes).
    Removing lv_obj_style_gen.o(i.lv_obj_set_style_min_height), (12 bytes).
    Removing lv_obj_style_gen.o(i.lv_obj_set_style_opa), (12 bytes).
    Removing lv_obj_style_gen.o(i.lv_obj_set_style_outline_color), (24 bytes).
    Removing lv_obj_style_gen.o(i.lv_obj_set_style_outline_color_filtered), (26 bytes).
    Removing lv_obj_style_gen.o(i.lv_obj_set_style_outline_opa), (12 bytes).
    Removing lv_obj_style_gen.o(i.lv_obj_set_style_outline_pad), (12 bytes).
    Removing lv_obj_style_gen.o(i.lv_obj_set_style_outline_width), (12 bytes).
    Removing lv_obj_style_gen.o(i.lv_obj_set_style_pad_column), (12 bytes).
    Removing lv_obj_style_gen.o(i.lv_obj_set_style_pad_row), (12 bytes).
    Removing lv_obj_style_gen.o(i.lv_obj_set_style_shadow_color_filtered), (26 bytes).
    Removing lv_obj_style_gen.o(i.lv_obj_set_style_shadow_ofs_x), (12 bytes).
    Removing lv_obj_style_gen.o(i.lv_obj_set_style_shadow_ofs_y), (12 bytes).
    Removing lv_obj_style_gen.o(i.lv_obj_set_style_shadow_spread), (12 bytes).
    Removing lv_obj_style_gen.o(i.lv_obj_set_style_text_color_filtered), (26 bytes).
    Removing lv_obj_style_gen.o(i.lv_obj_set_style_text_decor), (12 bytes).
    Removing lv_obj_style_gen.o(i.lv_obj_set_style_text_letter_space), (12 bytes).
    Removing lv_obj_style_gen.o(i.lv_obj_set_style_text_opa), (12 bytes).
    Removing lv_obj_style_gen.o(i.lv_obj_set_style_transform_angle), (12 bytes).
    Removing lv_obj_style_gen.o(i.lv_obj_set_style_transform_height), (12 bytes).
    Removing lv_obj_style_gen.o(i.lv_obj_set_style_transform_width), (12 bytes).
    Removing lv_obj_style_gen.o(i.lv_obj_set_style_transform_zoom), (12 bytes).
    Removing lv_obj_style_gen.o(i.lv_obj_set_style_transition), (10 bytes).
    Removing lv_obj_style_gen.o(i.lv_obj_set_style_translate_x), (12 bytes).
    Removing lv_obj_style_gen.o(i.lv_obj_set_style_translate_y), (12 bytes).
    Removing lv_obj_tree.o(i.lv_obj_del_anim_ready_cb), (6 bytes).
    Removing lv_obj_tree.o(i.lv_obj_del_async), (12 bytes).
    Removing lv_obj_tree.o(i.lv_obj_del_async_cb), (4 bytes).
    Removing lv_obj_tree.o(i.lv_obj_del_delayed), (48 bytes).
    Removing lv_obj_tree.o(i.lv_obj_swap), (142 bytes).
    Removing lv_obj_tree.o(i.lv_obj_tree_walk), (4 bytes).
    Removing lv_obj_tree.o(i.walk_core), (110 bytes).
    Removing lv_refr.o(i._lv_refr_set_disp_refreshing), (12 bytes).
    Removing lv_refr.o(i.lv_refr_get_fps_avg), (20 bytes).
    Removing lv_refr.o(i.lv_refr_reset_fps_counter), (16 bytes).
    Removing lv_theme.o(i.lv_theme_get_color_secondary), (30 bytes).
    Removing lv_theme.o(i.lv_theme_get_font_large), (20 bytes).
    Removing lv_theme.o(i.lv_theme_get_font_normal), (20 bytes).
    Removing lv_theme.o(i.lv_theme_get_font_small), (20 bytes).
    Removing lv_theme.o(i.lv_theme_set_apply_cb), (4 bytes).
    Removing lv_theme.o(i.lv_theme_set_parent), (4 bytes).
    Removing lv_draw_mask.o(i.lv_draw_mask_apply_ids), (88 bytes).
    Removing lv_draw_mask.o(i.lv_draw_mask_fade), (182 bytes).
    Removing lv_draw_mask.o(i.lv_draw_mask_fade_init), (48 bytes).
    Removing lv_draw_mask.o(i.lv_draw_mask_get_cnt), (32 bytes).
    Removing lv_draw_mask.o(i.lv_draw_mask_map), (128 bytes).
    Removing lv_draw_mask.o(i.lv_draw_mask_map_init), (28 bytes).
    Removing lv_draw_mask.o(i.lv_draw_mask_polygon), (518 bytes).
    Removing lv_draw_mask.o(i.lv_draw_mask_polygon_init), (144 bytes).
    Removing lv_draw_triangle.o(i.lv_draw_polygon), (10 bytes).
    Removing lv_draw_triangle.o(i.lv_draw_triangle), (12 bytes).
    Removing lv_img_buf.o(i.lv_img_buf_alloc), (90 bytes).
    Removing lv_img_buf.o(i.lv_img_buf_free), (26 bytes).
    Removing lv_img_buf.o(i.lv_img_buf_get_img_size), (118 bytes).
    Removing lv_img_buf.o(i.lv_img_buf_set_palette), (228 bytes).
    Removing lv_img_buf.o(i.lv_img_buf_set_px_alpha), (184 bytes).
    Removing lv_img_buf.o(i.lv_img_buf_set_px_color), (266 bytes).
    Removing lv_img_buf.o(.constdata), (23 bytes).
    Removing lv_img_cache.o(i.lv_img_cache_invalidate_src), (2 bytes).
    Removing lv_img_cache.o(i.lv_img_cache_set_size), (76 bytes).
    Removing lv_img_cache.o(.conststring), (75 bytes).
    Removing lv_img_decoder.o(i.lv_img_decoder_delete), (28 bytes).
    Removing lv_img_decoder.o(i.lv_img_decoder_set_close_cb), (4 bytes).
    Removing lv_img_decoder.o(i.lv_img_decoder_set_info_cb), (4 bytes).
    Removing lv_img_decoder.o(i.lv_img_decoder_set_open_cb), (4 bytes).
    Removing lv_img_decoder.o(i.lv_img_decoder_set_read_line_cb), (4 bytes).
    Removing lv_draw_sw.o(i.lv_draw_sw_deinit_ctx), (8 bytes).
    Removing lv_draw_sw_gradient.o(i.lv_gradient_free_cache), (32 bytes).
    Removing lv_draw_sw_letter.o(.constdata), (8 bytes).
    Removing lv_flex.o(i.lv_style_set_flex_cross_place), (16 bytes).
    Removing lv_flex.o(i.lv_style_set_flex_flow), (16 bytes).
    Removing lv_flex.o(i.lv_style_set_flex_grow), (16 bytes).
    Removing lv_flex.o(i.lv_style_set_flex_main_place), (16 bytes).
    Removing lv_flex.o(i.lv_style_set_flex_track_place), (16 bytes).
    Removing lv_grid.o(i.lv_obj_set_grid_align), (26 bytes).
    Removing lv_grid.o(i.lv_obj_set_grid_cell), (90 bytes).
    Removing lv_grid.o(i.lv_obj_set_grid_dsc_array), (44 bytes).
    Removing lv_grid.o(i.lv_obj_set_style_grid_cell_column_pos), (16 bytes).
    Removing lv_grid.o(i.lv_obj_set_style_grid_cell_column_span), (16 bytes).
    Removing lv_grid.o(i.lv_obj_set_style_grid_cell_row_pos), (16 bytes).
    Removing lv_grid.o(i.lv_obj_set_style_grid_cell_row_span), (16 bytes).
    Removing lv_grid.o(i.lv_obj_set_style_grid_cell_x_align), (16 bytes).
    Removing lv_grid.o(i.lv_obj_set_style_grid_cell_y_align), (16 bytes).
    Removing lv_grid.o(i.lv_obj_set_style_grid_column_align), (16 bytes).
    Removing lv_grid.o(i.lv_obj_set_style_grid_column_dsc_array), (16 bytes).
    Removing lv_grid.o(i.lv_obj_set_style_grid_row_align), (16 bytes).
    Removing lv_grid.o(i.lv_obj_set_style_grid_row_dsc_array), (16 bytes).
    Removing lv_grid.o(i.lv_style_set_grid_cell_column_pos), (16 bytes).
    Removing lv_grid.o(i.lv_style_set_grid_cell_column_span), (16 bytes).
    Removing lv_grid.o(i.lv_style_set_grid_cell_row_pos), (16 bytes).
    Removing lv_grid.o(i.lv_style_set_grid_cell_row_span), (16 bytes).
    Removing lv_grid.o(i.lv_style_set_grid_cell_x_align), (16 bytes).
    Removing lv_grid.o(i.lv_style_set_grid_cell_y_align), (16 bytes).
    Removing lv_grid.o(i.lv_style_set_grid_column_align), (16 bytes).
    Removing lv_grid.o(i.lv_style_set_grid_column_dsc_array), (16 bytes).
    Removing lv_grid.o(i.lv_style_set_grid_row_align), (16 bytes).
    Removing lv_grid.o(i.lv_style_set_grid_row_dsc_array), (16 bytes).
    Removing qrcodegen.o(i.addEccAndInterleave), (348 bytes).
    Removing qrcodegen.o(i.addRunToHistory), (18 bytes).
    Removing qrcodegen.o(i.appendBitsToBuffer), (46 bytes).
    Removing qrcodegen.o(i.applyMask), (230 bytes).
    Removing qrcodegen.o(i.calcSegmentBitLength), (98 bytes).
    Removing qrcodegen.o(i.drawCodewords), (134 bytes).
    Removing qrcodegen.o(i.drawFormatBits), (228 bytes).
    Removing qrcodegen.o(i.drawWhiteFunctionModules), (360 bytes).
    Removing qrcodegen.o(i.fillRectangle), (58 bytes).
    Removing qrcodegen.o(i.finiteFieldMultiply), (42 bytes).
    Removing qrcodegen.o(i.getAlignmentPatternPositions), (76 bytes).
    Removing qrcodegen.o(i.getModule), (24 bytes).
    Removing qrcodegen.o(i.getNumDataCodewords), (52 bytes).
    Removing qrcodegen.o(i.getNumRawDataModules), (46 bytes).
    Removing qrcodegen.o(i.getPenaltyScore), (472 bytes).
    Removing qrcodegen.o(i.getTotalBits), (78 bytes).
    Removing qrcodegen.o(i.hasFinderLikePattern), (56 bytes).
    Removing qrcodegen.o(i.initializeFunctionModules), (232 bytes).
    Removing qrcodegen.o(i.numCharCountBits), (68 bytes).
    Removing qrcodegen.o(i.qrcodegen_calcSegmentBufferSize), (22 bytes).
    Removing qrcodegen.o(i.qrcodegen_encodeBinary), (78 bytes).
    Removing qrcodegen.o(i.qrcodegen_encodeSegments), (32 bytes).
    Removing qrcodegen.o(i.qrcodegen_encodeSegmentsAdvanced), (474 bytes).
    Removing qrcodegen.o(i.qrcodegen_encodeText), (226 bytes).
    Removing qrcodegen.o(i.qrcodegen_getMinFitVersion), (68 bytes).
    Removing qrcodegen.o(i.qrcodegen_getModule), (34 bytes).
    Removing qrcodegen.o(i.qrcodegen_getSize), (4 bytes).
    Removing qrcodegen.o(i.qrcodegen_isAlphanumeric), (36 bytes).
    Removing qrcodegen.o(i.qrcodegen_isNumeric), (24 bytes).
    Removing qrcodegen.o(i.qrcodegen_makeAlphanumeric), (156 bytes).
    Removing qrcodegen.o(i.qrcodegen_makeBytes), (54 bytes).
    Removing qrcodegen.o(i.qrcodegen_makeEci), (144 bytes).
    Removing qrcodegen.o(i.qrcodegen_makeNumeric), (138 bytes).
    Removing qrcodegen.o(i.qrcodegen_version2size), (18 bytes).
    Removing qrcodegen.o(i.setModule), (46 bytes).
    Removing qrcodegen.o(i.setModuleBounded), (30 bytes).
    Removing qrcodegen.o(.constdata), (392 bytes).
    Removing qrcodegen.o(.conststring), (46 bytes).
    Removing qrcodegen.o(.data), (4 bytes).
    Removing lv_theme_basic.o(i.lv_color_white), (40 bytes).
    Removing lv_theme_basic.o(i.lv_theme_basic_init), (96 bytes).
    Removing lv_theme_basic.o(i.lv_theme_basic_is_inited), (16 bytes).
    Removing lv_theme_basic.o(i.style_init), (604 bytes).
    Removing lv_theme_basic.o(i.style_init_reset), (20 bytes).
    Removing lv_theme_basic.o(i.theme_apply), (1196 bytes).
    Removing lv_theme_basic.o(.bss), (36 bytes).
    Removing lv_theme_basic.o(.data), (8 bytes).
    Removing lv_theme_mono.o(i.lv_color_black), (20 bytes).
    Removing lv_theme_mono.o(i.lv_color_make), (48 bytes).
    Removing lv_theme_mono.o(i.lv_color_white), (20 bytes).
    Removing lv_theme_mono.o(i.lv_style_set_pad_all), (38 bytes).
    Removing lv_theme_mono.o(i.lv_style_set_pad_gap), (22 bytes).
    Removing lv_theme_mono.o(i.lv_theme_mono_init), (108 bytes).
    Removing lv_theme_mono.o(i.lv_theme_mono_is_inited), (16 bytes).
    Removing lv_theme_mono.o(i.style_init), (812 bytes).
    Removing lv_theme_mono.o(i.style_init_reset), (20 bytes).
    Removing lv_theme_mono.o(i.theme_apply), (1724 bytes).
    Removing lv_theme_mono.o(.bss), (36 bytes).
    Removing lv_theme_mono.o(.data), (8 bytes).
    Removing lv_animimg.o(i.index_change), (24 bytes).
    Removing lv_animimg.o(i.lv_animimg_constructor), (56 bytes).
    Removing lv_animimg.o(i.lv_animimg_create), (24 bytes).
    Removing lv_animimg.o(i.lv_animimg_set_duration), (6 bytes).
    Removing lv_animimg.o(i.lv_animimg_set_repeat_count), (6 bytes).
    Removing lv_animimg.o(i.lv_animimg_set_src), (16 bytes).
    Removing lv_animimg.o(i.lv_animimg_start), (6 bytes).
    Removing lv_animimg.o(.constdata), (28 bytes).
    Removing lv_calendar.o(i.lv_calendar_create), (24 bytes).
    Removing lv_calendar.o(i.lv_calendar_get_btnmatrix), (4 bytes).
    Removing lv_calendar.o(i.lv_calendar_get_highlighted_dates), (4 bytes).
    Removing lv_calendar.o(i.lv_calendar_get_highlighted_dates_num), (4 bytes).
    Removing lv_calendar.o(i.lv_calendar_get_pressed_date), (82 bytes).
    Removing lv_calendar.o(i.lv_calendar_get_today_date), (4 bytes).
    Removing lv_calendar.o(i.lv_calendar_set_day_names), (26 bytes).
    Removing lv_calendar.o(i.lv_calendar_set_highlighted_dates), (176 bytes).
    Removing lv_calendar_header_arrow.o(i.lv_calendar_header_arrow_create), (24 bytes).
    Removing lv_calendar_header_dropdown.o(i.lv_calendar_header_dropdown_create), (24 bytes).
    Removing lv_chart.o(i.lv_chart_add_cursor), (192 bytes).
    Removing lv_chart.o(i.lv_chart_add_series), (400 bytes).
    Removing lv_chart.o(i.lv_chart_create), (24 bytes).
    Removing lv_chart.o(i.lv_chart_get_cursor_point), (160 bytes).
    Removing lv_chart.o(i.lv_chart_get_point_count), (6 bytes).
    Removing lv_chart.o(i.lv_chart_get_pressed_point), (6 bytes).
    Removing lv_chart.o(i.lv_chart_get_series_next), (12 bytes).
    Removing lv_chart.o(i.lv_chart_get_type), (10 bytes).
    Removing lv_chart.o(i.lv_chart_get_x_array), (156 bytes).
    Removing lv_chart.o(i.lv_chart_get_x_start_point), (156 bytes).
    Removing lv_chart.o(i.lv_chart_get_y_array), (156 bytes).
    Removing lv_chart.o(i.lv_chart_get_zoom_x), (6 bytes).
    Removing lv_chart.o(i.lv_chart_get_zoom_y), (6 bytes).
    Removing lv_chart.o(i.lv_chart_hide_series), (172 bytes).
    Removing lv_chart.o(i.lv_chart_refresh), (4 bytes).
    Removing lv_chart.o(i.lv_chart_remove_series), (192 bytes).
    Removing lv_chart.o(i.lv_chart_set_all_value), (184 bytes).
    Removing lv_chart.o(i.lv_chart_set_axis_tick), (60 bytes).
    Removing lv_chart.o(i.lv_chart_set_cursor_point), (192 bytes).
    Removing lv_chart.o(i.lv_chart_set_cursor_pos), (176 bytes).
    Removing lv_chart.o(i.lv_chart_set_div_line_count), (30 bytes).
    Removing lv_chart.o(i.lv_chart_set_ext_x_array), (192 bytes).
    Removing lv_chart.o(i.lv_chart_set_ext_y_array), (192 bytes).
    Removing lv_chart.o(i.lv_chart_set_next_value), (208 bytes).
    Removing lv_chart.o(i.lv_chart_set_next_value2), (284 bytes).
    Removing lv_chart.o(i.lv_chart_set_point_count), (118 bytes).
    Removing lv_chart.o(i.lv_chart_set_range), (172 bytes).
    Removing lv_chart.o(i.lv_chart_set_series_color), (172 bytes).
    Removing lv_chart.o(i.lv_chart_set_type), (288 bytes).
    Removing lv_chart.o(i.lv_chart_set_update_mode), (26 bytes).
    Removing lv_chart.o(i.lv_chart_set_value_by_id), (176 bytes).
    Removing lv_chart.o(i.lv_chart_set_value_by_id2), (248 bytes).
    Removing lv_chart.o(i.lv_chart_set_x_start_point), (164 bytes).
    Removing lv_chart.o(i.lv_chart_set_zoom_x), (42 bytes).
    Removing lv_chart.o(i.lv_chart_set_zoom_y), (42 bytes).
    Removing lv_chart.o(i.new_points_alloc), (376 bytes).
    Removing lv_colorwheel.o(i.lv_colorwheel_create), (32 bytes).
    Removing lv_colorwheel.o(i.lv_colorwheel_get_color_mode), (10 bytes).
    Removing lv_colorwheel.o(i.lv_colorwheel_get_color_mode_fixed), (10 bytes).
    Removing lv_colorwheel.o(i.lv_colorwheel_get_hsv), (4 bytes).
    Removing lv_colorwheel.o(i.lv_colorwheel_set_mode), (32 bytes).
    Removing lv_colorwheel.o(i.lv_colorwheel_set_mode_fixed), (12 bytes).
    Removing lv_colorwheel.o(i.lv_colorwheel_set_rgb), (96 bytes).
    Removing lv_imgbtn.o(i.draw_main), (422 bytes).
    Removing lv_imgbtn.o(i.get_state), (54 bytes).
    Removing lv_imgbtn.o(i.lv_imgbtn_constructor), (42 bytes).
    Removing lv_imgbtn.o(i.lv_imgbtn_create), (24 bytes).
    Removing lv_imgbtn.o(i.lv_imgbtn_event), (168 bytes).
    Removing lv_imgbtn.o(i.lv_imgbtn_get_src_left), (8 bytes).
    Removing lv_imgbtn.o(i.lv_imgbtn_get_src_middle), (8 bytes).
    Removing lv_imgbtn.o(i.lv_imgbtn_get_src_right), (8 bytes).
    Removing lv_imgbtn.o(i.lv_imgbtn_set_src), (20 bytes).
    Removing lv_imgbtn.o(i.lv_imgbtn_set_state), (68 bytes).
    Removing lv_imgbtn.o(i.refr_img), (78 bytes).
    Removing lv_imgbtn.o(i.suggest_state), (58 bytes).
    Removing lv_imgbtn.o(.constdata), (28 bytes).
    Removing lv_keyboard.o(i.lv_btnmatrix_get_popovers), (10 bytes).
    Removing lv_keyboard.o(i.lv_keyboard_create), (24 bytes).
    Removing lv_keyboard.o(i.lv_keyboard_get_mode), (6 bytes).
    Removing lv_keyboard.o(i.lv_keyboard_get_textarea), (4 bytes).
    Removing lv_keyboard.o(i.lv_keyboard_set_map), (28 bytes).
    Removing lv_keyboard.o(i.lv_keyboard_set_mode), (18 bytes).
    Removing lv_keyboard.o(i.lv_keyboard_set_popovers), (22 bytes).
    Removing lv_keyboard.o(i.lv_keyboard_set_textarea), (38 bytes).
    Removing lv_led.o(i.lv_led_create), (24 bytes).
    Removing lv_led.o(i.lv_led_get_brightness), (6 bytes).
    Removing lv_led.o(i.lv_led_off), (6 bytes).
    Removing lv_led.o(i.lv_led_on), (6 bytes).
    Removing lv_led.o(i.lv_led_set_brightness), (32 bytes).
    Removing lv_led.o(i.lv_led_set_color), (14 bytes).
    Removing lv_led.o(i.lv_led_toggle), (16 bytes).
    Removing lv_list.o(i.lv_list_add_btn), (96 bytes).
    Removing lv_list.o(i.lv_list_add_text), (52 bytes).
    Removing lv_list.o(i.lv_list_create), (32 bytes).
    Removing lv_list.o(i.lv_list_get_btn_text), (60 bytes).
    Removing lv_menu.o(i.lv_menu_cont_create), (24 bytes).
    Removing lv_menu.o(i.lv_menu_create), (24 bytes).
    Removing lv_menu.o(i.lv_menu_get_cur_main_page), (4 bytes).
    Removing lv_menu.o(i.lv_menu_get_cur_sidebar_page), (4 bytes).
    Removing lv_menu.o(i.lv_menu_get_main_header), (4 bytes).
    Removing lv_menu.o(i.lv_menu_get_main_header_back_btn), (4 bytes).
    Removing lv_menu.o(i.lv_menu_get_sidebar_header), (4 bytes).
    Removing lv_menu.o(i.lv_menu_get_sidebar_header_back_btn), (4 bytes).
    Removing lv_menu.o(i.lv_menu_load_page_event_cb), (82 bytes).
    Removing lv_menu.o(i.lv_menu_obj_del_event_cb), (14 bytes).
    Removing lv_menu.o(i.lv_menu_page_create), (28 bytes).
    Removing lv_menu.o(i.lv_menu_refr), (62 bytes).
    Removing lv_menu.o(i.lv_menu_refr_sidebar_header_mode), (110 bytes).
    Removing lv_menu.o(i.lv_menu_section_create), (24 bytes).
    Removing lv_menu.o(i.lv_menu_separator_create), (24 bytes).
    Removing lv_menu.o(i.lv_menu_set_load_page_event), (96 bytes).
    Removing lv_menu.o(i.lv_menu_set_mode_header), (50 bytes).
    Removing lv_menu.o(i.lv_menu_set_mode_root_back_btn), (26 bytes).
    Removing lv_menu.o(i.lv_menu_set_sidebar_page), (304 bytes).
    Removing lv_meter.o(i.inv_arc), (176 bytes).
    Removing lv_meter.o(i.inv_line), (370 bytes).
    Removing lv_meter.o(i.lv_meter_add_arc), (216 bytes).
    Removing lv_meter.o(i.lv_meter_add_needle_img), (212 bytes).
    Removing lv_meter.o(i.lv_meter_add_needle_line), (216 bytes).
    Removing lv_meter.o(i.lv_meter_add_scale), (204 bytes).
    Removing lv_meter.o(i.lv_meter_add_scale_lines), (220 bytes).
    Removing lv_meter.o(i.lv_meter_create), (24 bytes).
    Removing lv_meter.o(i.lv_meter_set_indicator_end_value), (64 bytes).
    Removing lv_meter.o(i.lv_meter_set_indicator_start_value), (64 bytes).
    Removing lv_meter.o(i.lv_meter_set_indicator_value), (94 bytes).
    Removing lv_meter.o(i.lv_meter_set_scale_major_ticks), (26 bytes).
    Removing lv_meter.o(i.lv_meter_set_scale_range), (20 bytes).
    Removing lv_meter.o(i.lv_meter_set_scale_ticks), (22 bytes).
    Removing lv_msgbox.o(i.lv_msgbox_close), (30 bytes).
    Removing lv_msgbox.o(i.lv_msgbox_close_async), (30 bytes).
    Removing lv_msgbox.o(i.lv_msgbox_create), (724 bytes).
    Removing lv_msgbox.o(i.lv_msgbox_get_active_btn), (6 bytes).
    Removing lv_msgbox.o(i.lv_msgbox_get_active_btn_text), (22 bytes).
    Removing lv_msgbox.o(i.lv_msgbox_get_btns), (4 bytes).
    Removing lv_msgbox.o(i.lv_msgbox_get_close_btn), (4 bytes).
    Removing lv_msgbox.o(i.lv_msgbox_get_content), (4 bytes).
    Removing lv_msgbox.o(i.lv_msgbox_get_text), (4 bytes).
    Removing lv_msgbox.o(i.lv_msgbox_get_title), (4 bytes).
    Removing lv_msgbox.o(i.lv_obj_get_style_text_font), (8 bytes).
    Removing lv_msgbox.o(i.lv_pct), (16 bytes).
    Removing lv_msgbox.o(i.msgbox_close_click_event_cb), (18 bytes).
    Removing lv_span.o(i._lv_txt_is_break_char), (56 bytes).
    Removing lv_span.o(i.convert_indent_pct), (62 bytes).
    Removing lv_span.o(i.lv_draw_span), (1584 bytes).
    Removing lv_span.o(i.lv_get_snippet), (16 bytes).
    Removing lv_span.o(i.lv_obj_get_style_text_align), (14 bytes).
    Removing lv_span.o(i.lv_obj_get_style_text_line_space), (14 bytes).
    Removing lv_span.o(i.lv_obj_get_style_width), (14 bytes).
    Removing lv_span.o(i.lv_snippet_push), (128 bytes).
    Removing lv_span.o(i.lv_span_get_style_text_font), (42 bytes).
    Removing lv_span.o(i.lv_span_get_style_text_letter_space), (44 bytes).
    Removing lv_span.o(i.lv_span_set_text), (76 bytes).
    Removing lv_span.o(i.lv_span_set_text_static), (44 bytes).
    Removing lv_span.o(i.lv_spangroup_constructor), (46 bytes).
    Removing lv_span.o(i.lv_spangroup_create), (24 bytes).
    Removing lv_span.o(i.lv_spangroup_del_span), (90 bytes).
    Removing lv_span.o(i.lv_spangroup_destructor), (58 bytes).
    Removing lv_span.o(i.lv_spangroup_event), (296 bytes).
    Removing lv_span.o(i.lv_spangroup_get_align), (6 bytes).
    Removing lv_span.o(i.lv_spangroup_get_child), (66 bytes).
    Removing lv_span.o(i.lv_spangroup_get_child_cnt), (12 bytes).
    Removing lv_span.o(i.lv_spangroup_get_expand_height), (400 bytes).
    Removing lv_span.o(i.lv_spangroup_get_expand_width), (176 bytes).
    Removing lv_span.o(i.lv_spangroup_get_indent), (6 bytes).
    Removing lv_span.o(i.lv_spangroup_get_max_line_h), (54 bytes).
    Removing lv_span.o(i.lv_spangroup_get_mode), (10 bytes).
    Removing lv_span.o(i.lv_spangroup_get_overflow), (10 bytes).
    Removing lv_span.o(i.lv_spangroup_new_span), (204 bytes).
    Removing lv_span.o(i.lv_spangroup_refr_mode), (156 bytes).
    Removing lv_span.o(i.lv_spangroup_set_align), (6 bytes).
    Removing lv_span.o(i.lv_spangroup_set_indent), (16 bytes).
    Removing lv_span.o(i.lv_spangroup_set_mode), (16 bytes).
    Removing lv_span.o(i.lv_spangroup_set_overflow), (26 bytes).
    Removing lv_span.o(i.lv_txt_get_snippet), (66 bytes).
    Removing lv_span.o(i.refresh_self_size), (32 bytes).
    Removing lv_span.o(i.span_text_check), (136 bytes).
    Removing lv_span.o(.bss), (1284 bytes).
    Removing lv_span.o(.constdata), (82 bytes).
    Removing lv_span.o(.conststring), (75 bytes).
    Removing lv_spinbox.o(i.lv_spinbox_create), (24 bytes).
    Removing lv_spinbox.o(i.lv_spinbox_get_rollover), (10 bytes).
    Removing lv_spinbox.o(i.lv_spinbox_get_step), (4 bytes).
    Removing lv_spinbox.o(i.lv_spinbox_get_value), (4 bytes).
    Removing lv_spinbox.o(i.lv_spinbox_set_digit_format), (118 bytes).
    Removing lv_spinbox.o(i.lv_spinbox_set_digit_step_direction), (16 bytes).
    Removing lv_spinbox.o(i.lv_spinbox_set_pos), (74 bytes).
    Removing lv_spinbox.o(i.lv_spinbox_set_range), (28 bytes).
    Removing lv_spinbox.o(i.lv_spinbox_set_rollover), (12 bytes).
    Removing lv_spinbox.o(i.lv_spinbox_set_step), (6 bytes).
    Removing lv_spinbox.o(i.lv_spinbox_set_value), (22 bytes).
    Removing lv_spinner.o(i.lv_spinner_create), (36 bytes).
    Removing lv_tabview.o(i.lv_memcpy_small), (24 bytes).
    Removing lv_tabview.o(i.lv_tabview_add_tab), (284 bytes).
    Removing lv_tabview.o(i.lv_tabview_create), (36 bytes).
    Removing lv_tabview.o(i.lv_tabview_get_tab_act), (4 bytes).
    Removing lv_tileview.o(i.lv_obj_set_tile), (54 bytes).
    Removing lv_tileview.o(i.lv_obj_set_tile_id), (236 bytes).
    Removing lv_tileview.o(i.lv_tileview_add_tile), (40 bytes).
    Removing lv_tileview.o(i.lv_tileview_create), (24 bytes).
    Removing lv_tileview.o(i.lv_tileview_get_tile_act), (4 bytes).
    Removing lv_win.o(i.lv_win_add_btn), (56 bytes).
    Removing lv_win.o(i.lv_win_add_title), (40 bytes).
    Removing lv_win.o(i.lv_win_create), (32 bytes).
    Removing lv_win.o(i.lv_win_get_content), (6 bytes).
    Removing lv_win.o(i.lv_win_get_header), (6 bytes).
    Removing lv_font_loader.o(i.init_bit_iterator), (18 bytes).
    Removing lv_font_loader.o(i.load_cmaps), (132 bytes).
    Removing lv_font_loader.o(i.load_cmaps_tables), (328 bytes).
    Removing lv_font_loader.o(i.load_glyph), (648 bytes).
    Removing lv_font_loader.o(i.load_kern), (488 bytes).
    Removing lv_font_loader.o(i.lv_font_free), (166 bytes).
    Removing lv_font_loader.o(i.lv_font_load), (172 bytes).
    Removing lv_font_loader.o(i.lvgl_load_font), (484 bytes).
    Removing lv_font_loader.o(i.read_bits), (78 bytes).
    Removing lv_font_loader.o(i.read_bits_signed), (28 bytes).
    Removing lv_font_loader.o(i.read_label), (164 bytes).
    Removing lv_font_loader.o(.constdata), (67 bytes).
    Removing lv_hal_disp.o(i.invalidate_layout_cb), (10 bytes).
    Removing lv_hal_disp.o(i.lv_color_mix), (52 bytes).
    Removing lv_hal_disp.o(i.lv_color_mix_with_alpha), (324 bytes).
    Removing lv_hal_disp.o(i.lv_disp_drv_update), (312 bytes).
    Removing lv_hal_disp.o(i.lv_disp_drv_use_generic_set_px_cb), (72 bytes).
    Removing lv_hal_disp.o(i.lv_disp_flush_is_last), (12 bytes).
    Removing lv_hal_disp.o(i.lv_disp_get_antialiasing), (24 bytes).
    Removing lv_hal_disp.o(i.lv_disp_get_offset_x), (80 bytes).
    Removing lv_hal_disp.o(i.lv_disp_get_offset_y), (80 bytes).
    Removing lv_hal_disp.o(i.lv_disp_get_physical_hor_res), (60 bytes).
    Removing lv_hal_disp.o(i.lv_disp_get_physical_ver_res), (60 bytes).
    Removing lv_hal_disp.o(i.lv_disp_get_rotation), (24 bytes).
    Removing lv_hal_disp.o(i.lv_disp_remove), (128 bytes).
    Removing lv_hal_disp.o(i.lv_disp_set_default), (12 bytes).
    Removing lv_hal_disp.o(i.lv_disp_set_rotation), (32 bytes).
    Removing lv_hal_disp.o(i.set_px_alpha_generic), (162 bytes).
    Removing lv_hal_disp.o(i.set_px_cb_alpha1), (44 bytes).
    Removing lv_hal_disp.o(i.set_px_cb_alpha2), (44 bytes).
    Removing lv_hal_disp.o(i.set_px_cb_alpha4), (44 bytes).
    Removing lv_hal_disp.o(i.set_px_cb_alpha8), (44 bytes).
    Removing lv_hal_disp.o(i.set_px_true_color_alpha), (136 bytes).
    Removing lv_hal_indev.o(i.lv_indev_delete), (288 bytes).
    Removing lv_hal_indev.o(i.lv_indev_drv_update), (388 bytes).
    Removing lv_anim.o(i.lv_anim_count_running), (36 bytes).
    Removing lv_anim.o(i.lv_anim_del_all), (20 bytes).
    Removing lv_anim.o(i.lv_anim_get_playtime), (64 bytes).
    Removing lv_anim.o(i.lv_anim_path_bounce), (156 bytes).
    Removing lv_anim.o(i.lv_anim_path_ease_in), (48 bytes).
    Removing lv_anim.o(i.lv_anim_path_overshoot), (52 bytes).
    Removing lv_anim_timeline.o(i.lv_anim_timeline_add), (332 bytes).
    Removing lv_anim_timeline.o(i.lv_anim_timeline_create), (164 bytes).
    Removing lv_anim_timeline.o(i.lv_anim_timeline_del), (168 bytes).
    Removing lv_anim_timeline.o(i.lv_anim_timeline_get_playtime), (208 bytes).
    Removing lv_anim_timeline.o(i.lv_anim_timeline_get_reverse), (148 bytes).
    Removing lv_anim_timeline.o(i.lv_anim_timeline_set_progress), (240 bytes).
    Removing lv_anim_timeline.o(i.lv_anim_timeline_set_reverse), (148 bytes).
    Removing lv_anim_timeline.o(i.lv_anim_timeline_start), (240 bytes).
    Removing lv_anim_timeline.o(i.lv_anim_timeline_stop), (180 bytes).
    Removing lv_anim_timeline.o(i.lv_anim_timeline_virtual_exec_cb), (2 bytes).
    Removing lv_anim_timeline.o(.constdata), (229 bytes).
    Removing lv_area.o(i._lv_area_is_equal), (56 bytes).
    Removing lv_area.o(i._lv_area_set_pos), (48 bytes).
    Removing lv_area.o(i.lv_area_align), (490 bytes).
    Removing lv_area.o(i.lv_area_get_height), (12 bytes).
    Removing lv_area.o(i.lv_area_get_width), (12 bytes).
    Removing lv_async.o(i.lv_async_call), (56 bytes).
    Removing lv_async.o(i.lv_async_timer_cb), (20 bytes).
    Removing lv_color.o(i.lv_color_change_lightness), (56 bytes).
    Removing lv_color.o(i.lv_color_lighten), (38 bytes).
    Removing lv_color.o(i.lv_color_rgb_to_hsv), (218 bytes).
    Removing lv_color.o(i.lv_color_to_hsv), (80 bytes).
    Removing lv_fs.o(i.lv_fs_dir_close), (34 bytes).
    Removing lv_fs.o(i.lv_fs_dir_open), (78 bytes).
    Removing lv_fs.o(i.lv_fs_dir_read), (40 bytes).
    Removing lv_fs.o(i.lv_fs_drv_init), (6 bytes).
    Removing lv_fs.o(i.lv_fs_drv_register), (156 bytes).
    Removing lv_fs.o(i.lv_fs_get_last), (56 bytes).
    Removing lv_fs.o(i.lv_fs_get_letters), (44 bytes).
    Removing lv_fs.o(i.lv_fs_is_ready), (24 bytes).
    Removing lv_fs.o(i.lv_fs_tell), (52 bytes).
    Removing lv_fs.o(i.lv_fs_up), (54 bytes).
    Removing lv_fs.o(i.lv_fs_write), (58 bytes).
    Removing lv_gc.o(i._lv_gc_clear_roots), (184 bytes).
    Removing lv_ll.o(i._lv_ll_chg_list), (104 bytes).
    Removing lv_ll.o(i._lv_ll_ins_prev), (98 bytes).
    Removing lv_ll.o(i._lv_ll_move_before), (94 bytes).
    Removing lv_log.o(i.lv_log), (16 bytes).
    Removing lv_lru.o(i.lv_lru_cmp_keys), (20 bytes).
    Removing lv_lru.o(i.lv_lru_create), (276 bytes).
    Removing lv_lru.o(i.lv_lru_del), (228 bytes).
    Removing lv_lru.o(i.lv_lru_get), (88 bytes).
    Removing lv_lru.o(i.lv_lru_hash), (92 bytes).
    Removing lv_lru.o(i.lv_lru_remove), (84 bytes).
    Removing lv_lru.o(i.lv_lru_remove_item), (56 bytes).
    Removing lv_lru.o(i.lv_lru_set), (334 bytes).
    Removing lv_lru.o(.constdata), (25 bytes).
    Removing lv_math.o(i.lv_rand), (40 bytes).
    Removing lv_math.o(i.lv_sqrt), (34 bytes).
    Removing lv_math.o(.data), (4 bytes).
    Removing lv_mem.o(i.lv_mem_deinit), (24 bytes).
    Removing lv_mem.o(i.lv_mem_test), (168 bytes).
    Removing lv_style_gen.o(i.lv_style_set_align), (10 bytes).
    Removing lv_style_gen.o(i.lv_style_set_anim_speed), (8 bytes).
    Removing lv_style_gen.o(i.lv_style_set_arc_color_filtered), (24 bytes).
    Removing lv_style_gen.o(i.lv_style_set_arc_img_src), (8 bytes).
    Removing lv_style_gen.o(i.lv_style_set_arc_opa), (8 bytes).
    Removing lv_style_gen.o(i.lv_style_set_base_dir), (10 bytes).
    Removing lv_style_gen.o(i.lv_style_set_bg_color_filtered), (24 bytes).
    Removing lv_style_gen.o(i.lv_style_set_bg_dither_mode), (8 bytes).
    Removing lv_style_gen.o(i.lv_style_set_bg_grad), (8 bytes).
    Removing lv_style_gen.o(i.lv_style_set_bg_grad_color_filtered), (24 bytes).
    Removing lv_style_gen.o(i.lv_style_set_bg_grad_dir), (8 bytes).
    Removing lv_style_gen.o(i.lv_style_set_bg_grad_stop), (8 bytes).
    Removing lv_style_gen.o(i.lv_style_set_bg_img_opa), (8 bytes).
    Removing lv_style_gen.o(i.lv_style_set_bg_img_recolor), (22 bytes).
    Removing lv_style_gen.o(i.lv_style_set_bg_img_recolor_filtered), (24 bytes).
    Removing lv_style_gen.o(i.lv_style_set_bg_img_recolor_opa), (8 bytes).
    Removing lv_style_gen.o(i.lv_style_set_bg_img_tiled), (8 bytes).
    Removing lv_style_gen.o(i.lv_style_set_bg_main_stop), (8 bytes).
    Removing lv_style_gen.o(i.lv_style_set_blend_mode), (8 bytes).
    Removing lv_style_gen.o(i.lv_style_set_border_color_filtered), (24 bytes).
    Removing lv_style_gen.o(i.lv_style_set_img_opa), (8 bytes).
    Removing lv_style_gen.o(i.lv_style_set_img_recolor), (22 bytes).
    Removing lv_style_gen.o(i.lv_style_set_img_recolor_filtered), (24 bytes).
    Removing lv_style_gen.o(i.lv_style_set_img_recolor_opa), (8 bytes).
    Removing lv_style_gen.o(i.lv_style_set_layout), (10 bytes).
    Removing lv_style_gen.o(i.lv_style_set_line_color_filtered), (24 bytes).
    Removing lv_style_gen.o(i.lv_style_set_line_dash_gap), (8 bytes).
    Removing lv_style_gen.o(i.lv_style_set_line_dash_width), (8 bytes).
    Removing lv_style_gen.o(i.lv_style_set_line_opa), (8 bytes).
    Removing lv_style_gen.o(i.lv_style_set_line_rounded), (8 bytes).
    Removing lv_style_gen.o(i.lv_style_set_min_height), (10 bytes).
    Removing lv_style_gen.o(i.lv_style_set_min_width), (10 bytes).
    Removing lv_style_gen.o(i.lv_style_set_opa), (10 bytes).
    Removing lv_style_gen.o(i.lv_style_set_outline_color_filtered), (24 bytes).
    Removing lv_style_gen.o(i.lv_style_set_shadow_color_filtered), (24 bytes).
    Removing lv_style_gen.o(i.lv_style_set_shadow_ofs_x), (10 bytes).
    Removing lv_style_gen.o(i.lv_style_set_text_color_filtered), (24 bytes).
    Removing lv_style_gen.o(i.lv_style_set_text_decor), (10 bytes).
    Removing lv_style_gen.o(i.lv_style_set_text_letter_space), (10 bytes).
    Removing lv_style_gen.o(i.lv_style_set_text_opa), (10 bytes).
    Removing lv_style_gen.o(i.lv_style_set_transform_angle), (10 bytes).
    Removing lv_style_gen.o(i.lv_style_set_transform_zoom), (10 bytes).
    Removing lv_style_gen.o(i.lv_style_set_translate_x), (10 bytes).
    Removing lv_style_gen.o(i.lv_style_set_translate_y), (10 bytes).
    Removing lv_style_gen.o(i.lv_style_set_x), (10 bytes).
    Removing lv_style_gen.o(i.lv_style_set_y), (10 bytes).
    Removing lv_timer.o(i.lv_timer_create_basic), (12 bytes).
    Removing lv_timer.o(i.lv_timer_enable), (12 bytes).
    Removing lv_timer.o(i.lv_timer_get_next), (20 bytes).
    Removing lv_timer.o(i.lv_timer_reset), (12 bytes).
    Removing lv_timer.o(i.lv_timer_set_cb), (4 bytes).
    Removing lv_timer.o(i.lv_timer_set_period), (4 bytes).
    Removing lv_timer.o(i.lv_timer_set_repeat_count), (4 bytes).
    Removing lv_tlsf.o(i.integrity_walker), (208 bytes).
    Removing lv_tlsf.o(i.lv_tlsf_align_size), (4 bytes).
    Removing lv_tlsf.o(i.lv_tlsf_alloc_overhead), (4 bytes).
    Removing lv_tlsf.o(i.lv_tlsf_block_size), (16 bytes).
    Removing lv_tlsf.o(i.lv_tlsf_block_size_max), (6 bytes).
    Removing lv_tlsf.o(i.lv_tlsf_block_size_min), (4 bytes).
    Removing lv_tlsf.o(i.lv_tlsf_check), (1052 bytes).
    Removing lv_tlsf.o(i.lv_tlsf_check_pool), (24 bytes).
    Removing lv_tlsf.o(i.lv_tlsf_destroy), (2 bytes).
    Removing lv_tlsf.o(i.lv_tlsf_memalign), (296 bytes).
    Removing lv_tlsf.o(i.lv_tlsf_pool_overhead), (4 bytes).
    Removing lv_tlsf.o(i.lv_tlsf_remove_pool), (280 bytes).
    Removing lv_tlsf.o(i.lv_tlsf_size), (6 bytes).
    Removing lv_txt.o(i.lv_txt_utf8_conv_wc), (76 bytes).
    Removing lv_txt.o(.data), (4 bytes).
    Removing lv_arc.o(i.lv_arc_create), (24 bytes).
    Removing lv_arc.o(i.lv_arc_get_angle_end), (4 bytes).
    Removing lv_arc.o(i.lv_arc_get_angle_start), (4 bytes).
    Removing lv_arc.o(i.lv_arc_get_bg_angle_end), (4 bytes).
    Removing lv_arc.o(i.lv_arc_get_bg_angle_start), (4 bytes).
    Removing lv_arc.o(i.lv_arc_get_max_value), (6 bytes).
    Removing lv_arc.o(i.lv_arc_get_min_value), (6 bytes).
    Removing lv_arc.o(i.lv_arc_get_mode), (10 bytes).
    Removing lv_arc.o(i.lv_arc_get_value), (6 bytes).
    Removing lv_arc.o(i.lv_arc_set_change_rate), (4 bytes).
    Removing lv_arc.o(i.lv_arc_set_mode), (102 bytes).
    Removing lv_arc.o(i.lv_arc_set_range), (46 bytes).
    Removing lv_bar.o(i.lv_bar_get_max_value), (4 bytes).
    Removing lv_bar.o(i.lv_bar_get_min_value), (4 bytes).
    Removing lv_bar.o(i.lv_bar_set_mode), (20 bytes).
    Removing lv_btnmatrix.o(i.lv_btnmatrix_get_map), (4 bytes).
    Removing lv_btnmatrix.o(i.lv_btnmatrix_get_one_checked), (10 bytes).
    Removing lv_btnmatrix.o(i.lv_btnmatrix_set_btn_width), (46 bytes).
    Removing lv_canvas.o(i.deinit_fake_disp), (24 bytes).
    Removing lv_canvas.o(i.init_fake_disp), (276 bytes).
    Removing lv_canvas.o(i.lv_area_copy), (18 bytes).
    Removing lv_canvas.o(i.lv_canvas_blur_hor), (708 bytes).
    Removing lv_canvas.o(i.lv_canvas_blur_ver), (716 bytes).
    Removing lv_canvas.o(i.lv_canvas_constructor), (40 bytes).
    Removing lv_canvas.o(i.lv_canvas_copy_buf), (324 bytes).
    Removing lv_canvas.o(i.lv_canvas_create), (24 bytes).
    Removing lv_canvas.o(i.lv_canvas_destructor), (8 bytes).
    Removing lv_canvas.o(i.lv_canvas_draw_arc), (252 bytes).
    Removing lv_canvas.o(i.lv_canvas_draw_img), (336 bytes).
    Removing lv_canvas.o(i.lv_canvas_draw_line), (280 bytes).
    Removing lv_canvas.o(i.lv_canvas_draw_polygon), (268 bytes).
    Removing lv_canvas.o(i.lv_canvas_draw_rect), (296 bytes).
    Removing lv_canvas.o(i.lv_canvas_draw_text), (264 bytes).
    Removing lv_canvas.o(i.lv_canvas_fill_bg), (164 bytes).
    Removing lv_canvas.o(i.lv_canvas_get_img), (4 bytes).
    Removing lv_canvas.o(i.lv_canvas_get_px), (36 bytes).
    Removing lv_canvas.o(i.lv_canvas_set_buffer), (176 bytes).
    Removing lv_canvas.o(i.lv_canvas_set_palette), (20 bytes).
    Removing lv_canvas.o(i.lv_canvas_set_px_color), (20 bytes).
    Removing lv_canvas.o(i.lv_canvas_set_px_opa), (20 bytes).
    Removing lv_canvas.o(i.lv_canvas_transform), (580 bytes).
    Removing lv_canvas.o(i.lv_color_hex), (34 bytes).
    Removing lv_canvas.o(i.lv_color_mix), (52 bytes).
    Removing lv_canvas.o(i.lv_obj_get_style_img_recolor), (6 bytes).
    Removing lv_canvas.o(.constdata), (224 bytes).
    Removing lv_checkbox.o(i.lv_checkbox_create), (24 bytes).
    Removing lv_checkbox.o(i.lv_checkbox_get_text), (4 bytes).
    Removing lv_checkbox.o(i.lv_checkbox_set_text), (66 bytes).
    Removing lv_checkbox.o(i.lv_checkbox_set_text_static), (42 bytes).
    Removing lv_dropdown.o(i.lv_dropdown_add_option), (540 bytes).
    Removing lv_dropdown.o(i.lv_dropdown_clear_options), (62 bytes).
    Removing lv_dropdown.o(i.lv_dropdown_get_dir), (10 bytes).
    Removing lv_dropdown.o(i.lv_dropdown_get_list), (4 bytes).
    Removing lv_dropdown.o(i.lv_dropdown_get_option_cnt), (4 bytes).
    Removing lv_dropdown.o(i.lv_dropdown_get_options), (16 bytes).
    Removing lv_dropdown.o(i.lv_dropdown_get_selected_highlight), (10 bytes).
    Removing lv_dropdown.o(i.lv_dropdown_get_symbol), (4 bytes).
    Removing lv_dropdown.o(i.lv_dropdown_get_text), (4 bytes).
    Removing lv_dropdown.o(i.lv_dropdown_set_dir), (26 bytes).
    Removing lv_dropdown.o(i.lv_dropdown_set_selected_highlight), (24 bytes).
    Removing lv_dropdown.o(i.lv_dropdown_set_symbol), (6 bytes).
    Removing lv_dropdown.o(i.lv_dropdown_set_text), (14 bytes).
    Removing lv_img.o(i.lv_img_get_angle), (4 bytes).
    Removing lv_img.o(i.lv_img_get_antialias), (8 bytes).
    Removing lv_img.o(i.lv_img_get_offset_x), (6 bytes).
    Removing lv_img.o(i.lv_img_get_offset_y), (6 bytes).
    Removing lv_img.o(i.lv_img_get_pivot), (8 bytes).
    Removing lv_img.o(i.lv_img_get_size_mode), (10 bytes).
    Removing lv_img.o(i.lv_img_get_src), (4 bytes).
    Removing lv_img.o(i.lv_img_get_zoom), (4 bytes).
    Removing lv_img.o(i.lv_img_set_angle), (250 bytes).
    Removing lv_img.o(i.lv_img_set_antialias), (24 bytes).
    Removing lv_img.o(i.lv_img_set_offset_x), (18 bytes).
    Removing lv_img.o(i.lv_img_set_offset_y), (18 bytes).
    Removing lv_img.o(i.lv_img_set_pivot), (244 bytes).
    Removing lv_img.o(i.lv_img_set_size_mode), (22 bytes).
    Removing lv_img.o(i.lv_img_set_zoom), (258 bytes).
    Removing lv_label.o(i.lv_label_cut_text), (44 bytes).
    Removing lv_label.o(i.lv_label_get_long_mode), (10 bytes).
    Removing lv_label.o(i.lv_label_get_recolor), (10 bytes).
    Removing lv_label.o(i.lv_label_set_recolor), (26 bytes).
    Removing lv_line.o(i.lv_line_get_y_invert), (10 bytes).
    Removing lv_line.o(i.lv_line_set_y_invert), (22 bytes).
    Removing lv_roller.o(i.lv_roller_create), (24 bytes).
    Removing lv_roller.o(i.lv_roller_get_option_cnt), (18 bytes).
    Removing lv_roller.o(i.lv_roller_get_options), (14 bytes).
    Removing lv_roller.o(i.lv_roller_get_selected), (30 bytes).
    Removing lv_roller.o(i.lv_roller_get_selected_str), (220 bytes).
    Removing lv_roller.o(i.lv_roller_set_visible_row_count), (56 bytes).
    Removing lv_slider.o(i.lv_slider_is_dragged), (10 bytes).
    Removing lv_table.o(i.lv_table_add_cell_ctrl), (252 bytes).
    Removing lv_table.o(i.lv_table_clear_cell_ctrl), (252 bytes).
    Removing lv_table.o(i.lv_table_create), (24 bytes).
    Removing lv_table.o(i.lv_table_get_cell_value), (156 bytes).
    Removing lv_table.o(i.lv_table_get_col_cnt), (4 bytes).
    Removing lv_table.o(i.lv_table_get_col_width), (92 bytes).
    Removing lv_table.o(i.lv_table_get_row_cnt), (4 bytes).
    Removing lv_table.o(i.lv_table_get_selected_cell), (10 bytes).
    Removing lv_table.o(i.lv_table_has_cell_ctrl), (160 bytes).
    Removing lv_table.o(i.lv_table_set_cell_value), (332 bytes).
    Removing lv_table.o(i.lv_table_set_cell_value_fmt), (568 bytes).
    Removing lv_table.o(i.lv_table_set_col_cnt), (388 bytes).
    Removing lv_table.o(i.lv_table_set_col_width), (42 bytes).
    Removing lv_table.o(i.lv_table_set_row_cnt), (320 bytes).
    Removing lv_table.o(.conststring), (70 bytes).
    Removing lv_textarea.o(i.lv_textarea_create), (24 bytes).
    Removing lv_textarea.o(i.lv_textarea_get_accepted_chars), (4 bytes).
    Removing lv_textarea.o(i.lv_textarea_get_cursor_click_pos), (10 bytes).
    Removing lv_textarea.o(i.lv_textarea_get_label), (4 bytes).
    Removing lv_textarea.o(i.lv_textarea_get_max_length), (4 bytes).
    Removing lv_textarea.o(i.lv_textarea_get_password_mode), (10 bytes).
    Removing lv_textarea.o(i.lv_textarea_get_password_show_time), (4 bytes).
    Removing lv_textarea.o(i.lv_textarea_get_placeholder_text), (16 bytes).
    Removing lv_textarea.o(i.lv_textarea_get_text_selection), (10 bytes).
    Removing lv_textarea.o(i.lv_textarea_set_accepted_chars), (4 bytes).
    Removing lv_textarea.o(i.lv_textarea_set_align), (192 bytes).
    Removing lv_textarea.o(i.lv_textarea_set_insert_replace), (12 bytes).
    Removing lv_textarea.o(i.lv_textarea_set_max_length), (4 bytes).
    Removing lv_textarea.o(i.lv_textarea_set_password_mode), (256 bytes).
    Removing lv_textarea.o(i.lv_textarea_set_password_show_time), (4 bytes).
    Removing lv_textarea.o(i.lv_textarea_set_placeholder_text), (288 bytes).
    Removing lv_textarea.o(i.lv_textarea_set_text_selection), (22 bytes).
    Removing lv_textarea.o(i.lv_textarea_text_is_selected), (36 bytes).
    Removing heap_4.o(i.vPortInitialiseBlocks), (2 bytes).
    Removing heap_4.o(i.xPortGetFreeHeapSize), (12 bytes).
    Removing heap_4.o(i.xPortGetMinimumEverFreeHeapSize), (12 bytes).
    Removing port.o(i.vPortEndScheduler), (2 bytes).
    Removing event_groups.o(i.prvTestWaitCondition), (20 bytes).
    Removing event_groups.o(i.vEventGroupClearBitsCallback), (4 bytes).
    Removing event_groups.o(i.vEventGroupDelete), (44 bytes).
    Removing event_groups.o(i.vEventGroupSetBitsCallback), (4 bytes).
    Removing event_groups.o(i.xEventGroupClearBits), (26 bytes).
    Removing event_groups.o(i.xEventGroupCreate), (26 bytes).
    Removing event_groups.o(i.xEventGroupGetBitsFromISR), (26 bytes).
    Removing event_groups.o(i.xEventGroupSetBits), (100 bytes).
    Removing event_groups.o(i.xEventGroupSync), (140 bytes).
    Removing event_groups.o(i.xEventGroupWaitBits), (176 bytes).
    Removing queue.o(i.prvCopyDataToQueue), (90 bytes).
    Removing queue.o(i.uxQueueMessagesWaiting), (18 bytes).
    Removing queue.o(i.uxQueueMessagesWaitingFromISR), (4 bytes).
    Removing queue.o(i.uxQueueSpacesAvailable), (22 bytes).
    Removing queue.o(i.vQueueDelete), (4 bytes).
    Removing queue.o(i.xQueueGenericSend), (248 bytes).
    Removing queue.o(i.xQueueGenericSendFromISR), (112 bytes).
    Removing queue.o(i.xQueueIsQueueEmptyFromISR), (12 bytes).
    Removing queue.o(i.xQueueIsQueueFullFromISR), (16 bytes).
    Removing queue.o(i.xQueuePeek), (232 bytes).
    Removing queue.o(i.xQueuePeekFromISR), (44 bytes).
    Removing queue.o(i.xQueueReceiveFromISR), (108 bytes).
    Removing stream_buffer.o(i.prvBytesInBuffer), (18 bytes).
    Removing stream_buffer.o(i.prvInitialiseNewStreamBuffer), (36 bytes).
    Removing stream_buffer.o(i.prvReadBytesFromBuffer), (64 bytes).
    Removing stream_buffer.o(i.prvReadMessageFromBuffer), (68 bytes).
    Removing stream_buffer.o(i.prvWriteBytesToBuffer), (62 bytes).
    Removing stream_buffer.o(i.prvWriteMessageToBuffer), (70 bytes).
    Removing stream_buffer.o(i.vStreamBufferDelete), (16 bytes).
    Removing stream_buffer.o(i.xStreamBufferBytesAvailable), (4 bytes).
    Removing stream_buffer.o(i.xStreamBufferGenericCreate), (76 bytes).
    Removing stream_buffer.o(i.xStreamBufferIsEmpty), (16 bytes).
    Removing stream_buffer.o(i.xStreamBufferIsFull), (30 bytes).
    Removing stream_buffer.o(i.xStreamBufferNextMessageLengthBytes), (40 bytes).
    Removing stream_buffer.o(i.xStreamBufferReceive), (164 bytes).
    Removing stream_buffer.o(i.xStreamBufferReceiveCompletedFromISR), (54 bytes).
    Removing stream_buffer.o(i.xStreamBufferReceiveFromISR), (104 bytes).
    Removing stream_buffer.o(i.xStreamBufferReset), (52 bytes).
    Removing stream_buffer.o(i.xStreamBufferSend), (202 bytes).
    Removing stream_buffer.o(i.xStreamBufferSendCompletedFromISR), (54 bytes).
    Removing stream_buffer.o(i.xStreamBufferSendFromISR), (110 bytes).
    Removing stream_buffer.o(i.xStreamBufferSetTriggerLevel), (20 bytes).
    Removing stream_buffer.o(i.xStreamBufferSpacesAvailable), (32 bytes).
    Removing tasks.o(i.pcTaskGetName), (16 bytes).
    Removing tasks.o(i.prvTaskIsTaskSuspended), (32 bytes).
    Removing tasks.o(i.ulTaskGenericNotifyTake), (132 bytes).
    Removing tasks.o(i.ulTaskGenericNotifyValueClear), (48 bytes).
    Removing tasks.o(i.uxTaskPriorityGet), (28 bytes).
    Removing tasks.o(i.uxTaskPriorityGetFromISR), (36 bytes).
    Removing tasks.o(i.uxTaskResetEventItemValue), (24 bytes).
    Removing tasks.o(i.vTaskEndScheduler), (28 bytes).
    Removing tasks.o(i.vTaskGenericNotifyGiveFromISR), (232 bytes).
    Removing tasks.o(i.vTaskPlaceOnUnorderedEventList), (64 bytes).
    Removing tasks.o(i.vTaskPrioritySet), (204 bytes).
    Removing tasks.o(i.vTaskRemoveFromUnorderedEventList), (164 bytes).
    Removing tasks.o(i.vTaskResume), (148 bytes).
    Removing tasks.o(i.vTaskSetTimeOutState), (32 bytes).
    Removing tasks.o(i.vTaskSuspend), (168 bytes).
    Removing tasks.o(i.xTaskCatchUpTicks), (36 bytes).
    Removing tasks.o(i.xTaskGenericNotify), (244 bytes).
    Removing tasks.o(i.xTaskGenericNotifyFromISR), (328 bytes).
    Removing tasks.o(i.xTaskGenericNotifyStateClear), (52 bytes).
    Removing tasks.o(i.xTaskGenericNotifyWait), (164 bytes).
    Removing tasks.o(i.xTaskGetCurrentTaskHandle), (12 bytes).
    Removing tasks.o(i.xTaskGetTickCountFromISR), (12 bytes).
    Removing tasks.o(i.xTaskResumeFromISR), (164 bytes).
    Removing lv_port_disp_template.o(.rev16_text), (4 bytes).
    Removing lv_port_disp_template.o(.revsh_text), (4 bytes).
    Removing lv_port_disp_template.o(.rrx_text), (6 bytes).
    Removing lv_port_indev_template.o(.rev16_text), (4 bytes).
    Removing lv_port_indev_template.o(.revsh_text), (4 bytes).
    Removing lv_port_indev_template.o(.rrx_text), (6 bytes).

1738 unused section(s) (total 98932 bytes) removed from the image.
