<html>
<body>
<pre>
<h1>µVision Build Log</h1>
<h2>Tool Versions:</h2>
IDE-Version: ¦ÌVision V5.26.2.0
Copyright (C) 2018 ARM Ltd and ARM Germany GmbH. All rights reserved.
License Information: 1 MYPC, 1, LIC=YA39H-WCMWN-63KMB-2EBWZ-WPZ1Z-ESZWV
 
Tool Versions:
Toolchain:       MDK-ARM Plus  Version: 5.26.2.0
Toolchain Path:  C:\Keil_v5\ARM\ARMCC\Bin
C Compiler:      Armcc.exe V5.06 update 6 (build 750)
Assembler:       Armasm.exe V5.06 update 6 (build 750)
Linker/Locator:  ArmLink.exe V5.06 update 6 (build 750)
Library Manager: ArmAr.exe V5.06 update 6 (build 750)
Hex Converter:   FromElf.exe V5.06 update 6 (build 750)
CPU DLL:         SARMCM3.DLL V5.26.2.0
Dialog DLL:      DCM.DLL V1.17.2.0
Target DLL:      STLink\ST-LINKIII-KEIL_SWO.dll V3.0.5.0
Dialog DLL:      TCM.DLL V1.36.1.0
 
<h2>Project:</h2>
c:\Users\MYPC\Desktop\HealthCheck\Software\HealthCheck.uvprojx
Project File Date:  04/03/2026

<h2>Output:</h2>
*** Using Compiler 'V5.06 update 6 (build 750)', folder: 'C:\Keil_v5\ARM\ARMCC\Bin'
Build target 'HealthCheck'
compiling GUI_about.c...
compiling GUI_Power.c...
.\Driver\BackLight\backlight.h(25): warning:  #1-D: last line of file ends without a newline
  #endif
.\Hardware\KEY\key.h(62): warning:  #1-D: last line of file ends without a newline
  #endif
Application\App_GUI\GUI_Power\GUI_Power.c: 2 warnings, 0 errors
compiling GUI_main.c...
.\Hardware\KEY\Key.h(62): warning:  #1-D: last line of file ends without a newline
  #endif
Application\App_GUI\GUI_main\GUI_main.c: 1 warning, 0 errors
compiling APP_AutoSleep.c...
.\Driver\BackLight\backlight.h(25): warning:  #1-D: last line of file ends without a newline
  #endif
Application\App_AutoSleep\APP_AutoSleep.c: 1 warning, 0 errors
compiling GUI_Settings.c...
.\Driver\BackLight\backlight.h(25): warning:  #1-D: last line of file ends without a newline
  #endif
Application\App_GUI\GUI_Settings\GUI_Settings.c: 1 warning, 0 errors
compiling App_task.c...
.\Driver\BackLight\backlight.h(25): warning:  #1-D: last line of file ends without a newline
  #endif
.\Hardware\KEY\key.h(62): warning:  #1-D: last line of file ends without a newline
  #endif
Application\App_task\App_task.c(158): warning:  #1-D: last line of file ends without a newline
  }
Application\App_task\App_task.c: 3 warnings, 0 errors
compiling GUI_HeartRate.c...
.\Hardware\KEY\key.h(62): warning:  #1-D: last line of file ends without a newline
  #endif
Application\App_GUI\GUI_HeartRate\GUI_HeartRate.c: 1 warning, 0 errors
compiling main.c...
.\Driver\BackLight\backlight.h(25): warning:  #1-D: last line of file ends without a newline
  #endif
.\Hardware\KEY\Key.h(62): warning:  #1-D: last line of file ends without a newline
  #endif
User\main.c: 2 warnings, 0 errors
compiling uart.c...
compiling backlight.c...
Driver\BackLight\backlight.h(25): warning:  #1-D: last line of file ends without a newline
  #endif
Driver\BackLight\backlight.c: 1 warning, 0 errors
compiling myspi.c...
compiling Com_Debug.c...
compiling Com_Delay.c...
compiling Com_Sys.c...
compiling GUI_Temperature.c...
.\Hardware\KEY\key.h(62): warning:  #1-D: last line of file ends without a newline
  #endif
Application\App_GUI\GUI_Temperature\GUI_Temperature.c: 1 warning, 0 errors
compiling buzzer.c...
compiling W25Q16.c...
compiling mlx90614.c...
compiling esp8266.c...
compiling max30102.c...
compiling LCD.c...
compiling Key.c...
Hardware\KEY\key.h(62): warning:  #1-D: last line of file ends without a newline
  #endif
.\Driver\BackLight\backlight.h(25): warning:  #1-D: last line of file ends without a newline
  #endif
Hardware\KEY\Key.c(285): warning:  #1-D: last line of file ends without a newline
  }
Hardware\KEY\Key.c: 3 warnings, 0 errors
compiling ft5206.c...
compiling gt9147.c...
compiling ott2001a.c...
compiling ctiic.c...
compiling touch.c...
compiling misc.c...
compiling stm32f4xx_it.c...
compiling stm32f4xx_adc.c...
compiling stm32f4xx_cec.c...
compiling stm32f4xx_crc.c...
compiling stm32f4xx_can.c...
compiling stm32f4xx_cryp.c...
compiling stm32f4xx_cryp_aes.c...
compiling stm32f4xx_cryp_des.c...
compiling stm32f4xx_dbgmcu.c...
compiling stm32f4xx_cryp_tdes.c...
compiling stm32f4xx_dac.c...
compiling stm32f4xx_dfsdm.c...
compiling stm32f4xx_dcmi.c...
compiling stm32f4xx_dma.c...
compiling stm32f4xx_dma2d.c...
compiling stm32f4xx_fmpi2c.c...
compiling stm32f4xx_dsi.c...
compiling stm32f4xx_exti.c...
compiling stm32f4xx_flash_ramfunc.c...
compiling stm32f4xx_flash.c...
compiling stm32f4xx_hash_sha1.c...
compiling stm32f4xx_iwdg.c...
compiling stm32f4xx_hash_md5.c...
compiling stm32f4xx_i2c.c...
compiling stm32f4xx_hash.c...
compiling stm32f4xx_gpio.c...
compiling stm32f4xx_lptim.c...
compiling stm32f4xx_spi.c...
compiling stm32f4xx_pwr.c...
compiling stm32f4xx_rng.c...
compiling stm32f4xx_qspi.c...
compiling stm32f4xx_ltdc.c...
compiling stm32f4xx_rcc.c...
compiling stm32f4xx_rtc.c...
compiling stm32f4xx_spdifrx.c...
compiling stm32f4xx_sai.c...
compiling stm32f4xx_sdio.c...
compiling stm32f4xx_tim.c...
assembling startup_stm32f40_41xxx.s...
compiling stm32f4xx_syscfg.c...
compiling stm32f4xx_wwdg.c...
compiling lv_event.c...
compiling stm32f4xx_usart.c...
compiling lv_disp.c...
compiling lv_group.c...
compiling lv_indev.c...
compiling lv_indev_scroll.c...
compiling lv_obj_class.c...
compiling lv_obj_draw.c...
compiling system_stm32f4xx.c...
compiling lv_obj.c...
compiling lv_obj_pos.c...
compiling lv_obj_style_gen.c...
compiling lv_obj_style.c...
compiling lv_obj_scroll.c...
compiling lv_draw.c...
compiling lv_obj_tree.c...
compiling lv_theme.c...
compiling lv_refr.c...
compiling lv_draw_arc.c...
compiling lv_draw_rect.c...
compiling lv_draw_img.c...
compiling lv_draw_triangle.c...
compiling lv_draw_line.c...
compiling lv_draw_label.c...
compiling lv_draw_mask.c...
compiling lv_gpu_nxp_pxp_osa.c...
compiling lv_gpu_nxp_pxp.c...
compiling lv_img_cache.c...
compiling lv_img_buf.c...
compiling lv_gpu_nxp_vglite.c...
compiling lv_draw_sdl.c...
compiling lv_img_decoder.c...
compiling lv_draw_sdl_arc.c...
compiling lv_draw_sdl_bg.c...
compiling lv_draw_sdl_img.c...
compiling lv_draw_sdl_label.c...
compiling lv_draw_sdl_line.c...
compiling lv_draw_sdl_composite.c...
compiling lv_draw_sdl_mask.c...
compiling lv_draw_sdl_polygon.c...
compiling lv_draw_sdl_stack_blur.c...
compiling lv_draw_sdl_rect.c...
compiling lv_draw_sdl_utils.c...
compiling lv_draw_sdl_texture_cache.c...
compiling lv_draw_sw.c...
compiling lv_gpu_stm32_dma2d.c...
compiling lv_draw_sw_dither.c...
compiling lv_draw_sw_arc.c...
compiling lv_draw_sw_gradient.c...
compiling lv_draw_sw_letter.c...
compiling lv_draw_sw_img.c...
compiling lv_draw_sw_line.c...
compiling lv_draw_sw_polygon.c...
compiling lv_draw_sw_blend.c...
compiling lv_extra.c...
compiling lv_bmp.c...
compiling lv_flex.c...
compiling lv_grid.c...
compiling lv_freetype.c...
compiling lv_draw_sw_rect.c...
compiling lv_ffmpeg.c...
compiling lv_fs_fatfs.c...
compiling gifdec.c...
compiling lv_fs_posix.c...
compiling lv_fs_win32.c...
compiling lv_fs_stdio.c...
compiling lv_gif.c...
compiling lodepng.c...
compiling lv_png.c...
compiling lv_qrcode.c...
compiling tjpgd.c...
compiling lv_gridnav.c...
compiling lv_sjpg.c...
compiling lv_monkey.c...
compiling qrcodegen.c...
compiling lv_rlottie.c...
compiling lv_snapshot.c...
compiling lv_theme_basic.c...
compiling lv_calendar_header_arrow.c...
compiling lv_animimg.c...
compiling lv_calendar.c...
compiling lv_theme_mono.c...
compiling lv_calendar_header_dropdown.c...
compiling lv_theme_default.c...
compiling lv_imgbtn.c...
compiling lv_keyboard.c...
compiling lv_colorwheel.c...
compiling lv_list.c...
compiling lv_led.c...
compiling lv_chart.c...
compiling lv_menu.c...
compiling lv_msgbox.c...
compiling lv_spinner.c...
compiling lv_meter.c...
compiling lv_spinbox.c...
compiling lv_span.c...
compiling lv_tabview.c...
compiling lv_font.c...
compiling lv_tileview.c...
compiling lv_font_fmt_txt.c...
compiling lv_win.c...
compiling lv_font_dejavu_16_persian_hebrew.c...
compiling lv_font_loader.c...
compiling lv_font_montserrat_8.c...
compiling lv_font_montserrat_12.c...
compiling lv_font_montserrat_10.c...
compiling lv_font_montserrat_12_subpx.c...
compiling lv_font_montserrat_16.c...
compiling lv_font_montserrat_14.c...
compiling lv_font_montserrat_18.c...
compiling lv_font_montserrat_20.c...
compiling lv_font_montserrat_22.c...
compiling lv_font_montserrat_24.c...
compiling lv_font_montserrat_28.c...
compiling lv_font_montserrat_28_compressed.c...
compiling lv_font_montserrat_26.c...
compiling lv_font_montserrat_30.c...
compiling lv_font_montserrat_32.c...
compiling lv_font_montserrat_36.c...
compiling lv_font_montserrat_34.c...
compiling lv_font_montserrat_42.c...
compiling lv_font_montserrat_38.c...
compiling lv_font_montserrat_40.c...
compiling lv_font_montserrat_44.c...
compiling lv_font_montserrat_46.c...
compiling lv_font_montserrat_48.c...
compiling lv_font_simsun_16_cjk.c...
compiling lv_font_unscii_16.c...
compiling lv_hal_tick.c...
compiling lv_hal_indev.c...
compiling lv_font_unscii_8.c...
compiling lv_hal_disp.c...
compiling lv_anim.c...
compiling lv_async.c...
compiling lv_anim_timeline.c...
compiling lv_area.c...
compiling lv_bidi.c...
compiling lv_color.c...
compiling lv_gc.c...
compiling lv_fs.c...
compiling lv_math.c...
compiling lv_log.c...
compiling lv_ll.c...
compiling lv_lru.c...
compiling lv_printf.c...
compiling lv_mem.c...
compiling lv_style.c...
compiling lv_templ.c...
compiling lv_utils.c...
compiling lv_timer.c...
compiling lv_txt_ap.c...
compiling lv_txt.c...
compiling lv_tlsf.c...
compiling lv_style_gen.c...
compiling lv_btn.c...
compiling lv_bar.c...
compiling lv_arc.c...
compiling lv_checkbox.c...
compiling lv_btnmatrix.c...
compiling lv_dropdown.c...
compiling lv_canvas.c...
compiling lv_line.c...
compiling lv_objx_templ.c...
compiling lv_img.c...
compiling lv_label.c...
compiling lv_roller.c...
compiling lv_slider.c...
compiling heap_4.c...
compiling lv_switch.c...
compiling croutine.c...
compiling lv_textarea.c...
compiling lv_table.c...
compiling event_groups.c...
compiling list.c...
compiling queue.c...
compiling port.c...
compiling timers.c...
compiling stream_buffer.c...
compiling tasks.c...
compiling lv_port_disp_template.c...
compiling lv_port_indev_template.c...
linking...
Program Size: Code=195868 RO-data=255304 RW-data=1004 ZI-data=115012  
FromELF: creating hex file...
".\Objects\HealthCheck.axf" - 0 Error(s), 16 Warning(s).

<h2>Software Packages used:</h2>

Package Vendor: Keil
                http://www.keil.com/pack/Keil.STM32F4xx_DFP.2.13.0.pack
                Keil.STM32F4xx_DFP.2.13.0
                STMicroelectronics STM32F4 Series Device Support, Drivers and Examples

<h2>Collection of Component include folders:</h2>
  .\RTE\_HealthCheck
  C:\Keil_v5\ARM\PACK\Keil\STM32F4xx_DFP\2.13.0\Drivers\CMSIS\Device\ST\STM32F4xx\Include

<h2>Collection of Component Files used:</h2>
Build Time Elapsed:  00:00:55
</pre>
</body>
</html>
